Component: ARM Compiler 5.06 update 6 (build 750) Tool: armlink [4d35ed]

==============================================================================

Section Cross References

    main.o(i.init) refers to serial.o(i.Serial_Init) for Serial_Init
    main.o(i.init) refers to hm10.o(i.HM10_Init) for HM10_Init
    main.o(i.main) refers to main.o(i.init) for init
    main.o(i.main) refers to main.o(i.update) for update
    main.o(i.readWhenAvailable) refers to serial.o(.data) for serialNewDataAvailable
    main.o(i.update) refers to hm10.o(i.HM10_SendCommand) for HM10_SendCommand
    main.o(i.update) refers to memseta.o(.text) for __aeabi_memclr
    main.o(i.update) refers to hm10.o(.data) for HM10NewDataAvailable
    main.o(i.update) refers to hm10.o(.bss) for NextCommand
    serial.o(i.Serial_WriteData) refers to serial.o(.data) for serialTransmitCompleted
    serial.o(i.UART0_IRQHandler) refers to serial.o(i.Serial_ReadData) for Serial_ReadData
    serial.o(i.UART0_IRQHandler) refers to serial.o(i.Serial_WriteData) for Serial_WriteData
    serial.o(i.UART0_IRQHandler) refers to serial.o(.data) for serialReceivedCharacter
    hm10.o(i.HM10_ClearBuffer) refers to memseta.o(.text) for __aeabi_memclr
    hm10.o(i.HM10_ClearBuffer) refers to hm10.o(.data) for HM10WriteTo
    hm10.o(i.HM10_ClearBuffer) refers to hm10.o(.bss) for HM10Buffer
    hm10.o(i.HM10_SendCommand) refers to hm10.o(i.HM10_Write) for HM10_Write
    hm10.o(i.HM10_Write) refers to hm10.o(i.HM10_WriteData) for HM10_WriteData
    hm10.o(i.UART3_IRQHandler) refers to hm10.o(i.HM10_ReadData) for HM10_ReadData
    hm10.o(i.UART3_IRQHandler) refers to strncpy.o(.text) for strncpy
    hm10.o(i.UART3_IRQHandler) refers to hm10.o(i.HM10_ClearBuffer) for HM10_ClearBuffer
    hm10.o(i.UART3_IRQHandler) refers to hm10.o(.data) for HM10WriteTo
    hm10.o(i.UART3_IRQHandler) refers to hm10.o(.bss) for HM10Buffer
    startup_lpc407x_8x_177x_8x.o(RESET) refers to startup_lpc407x_8x_177x_8x.o(STACK) for __initial_sp
    startup_lpc407x_8x_177x_8x.o(RESET) refers to startup_lpc407x_8x_177x_8x.o(.text) for Reset_Handler
    startup_lpc407x_8x_177x_8x.o(RESET) refers to serial.o(i.UART0_IRQHandler) for UART0_IRQHandler
    startup_lpc407x_8x_177x_8x.o(RESET) refers to hm10.o(i.UART3_IRQHandler) for UART3_IRQHandler
    startup_lpc407x_8x_177x_8x.o(.text) refers to system_lpc407x_8x_177x_8x.o(i.SystemInit) for SystemInit
    startup_lpc407x_8x_177x_8x.o(.text) refers to entry.o(.ARM.Collect$$$$00000000) for __main
    system_lpc407x_8x_177x_8x.o(i.SystemCoreClockUpdate) refers to system_lpc407x_8x_177x_8x.o(.data) for SystemCoreClock
    system_lpc407x_8x_177x_8x.o(i.SystemInit) refers to system_lpc407x_8x_177x_8x.o(i.fpu_init) for fpu_init
    system_lpc407x_8x_177x_8x.o(i.SystemInit) refers to system_lpc407x_8x_177x_8x.o(i.SystemCoreClockUpdate) for SystemCoreClockUpdate
    entry.o(.ARM.Collect$$$$00000000) refers (Special) to entry10a.o(.ARM.Collect$$$$0000000D) for __rt_final_cpp
    entry.o(.ARM.Collect$$$$00000000) refers (Special) to entry11a.o(.ARM.Collect$$$$0000000F) for __rt_final_exit
    entry.o(.ARM.Collect$$$$00000000) refers (Special) to entry7b.o(.ARM.Collect$$$$00000008) for _main_clock
    entry.o(.ARM.Collect$$$$00000000) refers (Special) to entry8b.o(.ARM.Collect$$$$0000000A) for _main_cpp_init
    entry.o(.ARM.Collect$$$$00000000) refers (Special) to entry9a.o(.ARM.Collect$$$$0000000B) for _main_init
    entry.o(.ARM.Collect$$$$00000000) refers (Special) to entry5.o(.ARM.Collect$$$$00000004) for _main_scatterload
    entry.o(.ARM.Collect$$$$00000000) refers (Special) to entry2.o(.ARM.Collect$$$$00000001) for _main_stk
    entry2.o(.ARM.Collect$$$$00000001) refers to entry2.o(.ARM.Collect$$$$00002712) for __lit__00000000
    entry2.o(.ARM.Collect$$$$00002712) refers to startup_lpc407x_8x_177x_8x.o(STACK) for __initial_sp
    entry2.o(__vectab_stack_and_reset_area) refers to startup_lpc407x_8x_177x_8x.o(STACK) for __initial_sp
    entry2.o(__vectab_stack_and_reset_area) refers to entry.o(.ARM.Collect$$$$00000000) for __main
    entry5.o(.ARM.Collect$$$$00000004) refers to init.o(.text) for __scatterload
    entry9a.o(.ARM.Collect$$$$0000000B) refers to main.o(i.main) for main
    entry9b.o(.ARM.Collect$$$$0000000C) refers to main.o(i.main) for main
    init.o(.text) refers to entry5.o(.ARM.Collect$$$$00000004) for __main_after_scatterload


==============================================================================

Removing Unused input sections from the image.

    Removing main.o(.rev16_text), (4 bytes).
    Removing main.o(.revsh_text), (4 bytes).
    Removing main.o(.rrx_text), (6 bytes).
    Removing main.o(i.readWhenAvailable), (32 bytes).
    Removing main.o(.bss), (1024 bytes).
    Removing serial.o(.rev16_text), (4 bytes).
    Removing serial.o(.revsh_text), (4 bytes).
    Removing serial.o(.rrx_text), (6 bytes).
    Removing hm10.o(.rev16_text), (4 bytes).
    Removing hm10.o(.revsh_text), (4 bytes).
    Removing hm10.o(.rrx_text), (6 bytes).
    Removing startup_lpc407x_8x_177x_8x.o(HEAP), (0 bytes).
    Removing system_lpc407x_8x_177x_8x.o(.rev16_text), (4 bytes).
    Removing system_lpc407x_8x_177x_8x.o(.revsh_text), (4 bytes).
    Removing system_lpc407x_8x_177x_8x.o(.rrx_text), (6 bytes).

15 unused section(s) (total 1112 bytes) removed from the image.

==============================================================================

Image Symbol Table

    Local Symbols

    Symbol Name                              Value     Ov Type        Size  Object(Section)

    RESET                                    0x00000000   Section      228  startup_lpc407x_8x_177x_8x.o(RESET)
    ../clib/microlib/init/entry.s            0x00000000   Number         0  entry7a.o ABSOLUTE
    ../clib/microlib/init/entry.s            0x00000000   Number         0  entry8b.o ABSOLUTE
    ../clib/microlib/init/entry.s            0x00000000   Number         0  entry8a.o ABSOLUTE
    ../clib/microlib/init/entry.s            0x00000000   Number         0  entry10b.o ABSOLUTE
    ../clib/microlib/init/entry.s            0x00000000   Number         0  entry11a.o ABSOLUTE
    ../clib/microlib/init/entry.s            0x00000000   Number         0  entry7b.o ABSOLUTE
    ../clib/microlib/init/entry.s            0x00000000   Number         0  entry11b.o ABSOLUTE
    ../clib/microlib/init/entry.s            0x00000000   Number         0  entry10a.o ABSOLUTE
    ../clib/microlib/init/entry.s            0x00000000   Number         0  entry9b.o ABSOLUTE
    ../clib/microlib/init/entry.s            0x00000000   Number         0  entry9a.o ABSOLUTE
    ../clib/microlib/init/entry.s            0x00000000   Number         0  entry5.o ABSOLUTE
    ../clib/microlib/init/entry.s            0x00000000   Number         0  entry.o ABSOLUTE
    ../clib/microlib/init/entry.s            0x00000000   Number         0  entry2.o ABSOLUTE
    ../clib/microlib/string/memset.c         0x00000000   Number         0  memseta.o ABSOLUTE
    ../clib/microlib/string/strncpy.c        0x00000000   Number         0  strncpy.o ABSOLUTE
    Library\HM10.c                           0x00000000   Number         0  hm10.o ABSOLUTE
    Library\Serial.c                         0x00000000   Number         0  serial.o ABSOLUTE
    Library\\HM10.c                          0x00000000   Number         0  hm10.o ABSOLUTE
    Library\\Serial.c                        0x00000000   Number         0  serial.o ABSOLUTE
    RTE\Device\LPC4088FET208\startup_LPC407x_8x_177x_8x.s 0x00000000   Number         0  startup_lpc407x_8x_177x_8x.o ABSOLUTE
    RTE\Device\LPC4088FET208\system_LPC407x_8x_177x_8x.c 0x00000000   Number         0  system_lpc407x_8x_177x_8x.o ABSOLUTE
    RTE\\Device\\LPC4088FET208\\system_LPC407x_8x_177x_8x.c 0x00000000   Number         0  system_lpc407x_8x_177x_8x.o ABSOLUTE
    dc.s                                     0x00000000   Number         0  dc.o ABSOLUTE
    handlers.s                               0x00000000   Number         0  handlers.o ABSOLUTE
    init.s                                   0x00000000   Number         0  init.o ABSOLUTE
    main.c                                   0x00000000   Number         0  main.o ABSOLUTE
    main.c                                   0x00000000   Number         0  main.o ABSOLUTE
    .ARM.Collect$$$$00000000                 0x000000e4   Section        0  entry.o(.ARM.Collect$$$$00000000)
    .ARM.Collect$$$$00000001                 0x000000e4   Section        4  entry2.o(.ARM.Collect$$$$00000001)
    .ARM.Collect$$$$00000004                 0x000000e8   Section        4  entry5.o(.ARM.Collect$$$$00000004)
    .ARM.Collect$$$$00000008                 0x000000ec   Section        0  entry7b.o(.ARM.Collect$$$$00000008)
    .ARM.Collect$$$$0000000A                 0x000000ec   Section        0  entry8b.o(.ARM.Collect$$$$0000000A)
    .ARM.Collect$$$$0000000B                 0x000000ec   Section        8  entry9a.o(.ARM.Collect$$$$0000000B)
    .ARM.Collect$$$$0000000D                 0x000000f4   Section        0  entry10a.o(.ARM.Collect$$$$0000000D)
    .ARM.Collect$$$$0000000F                 0x000000f4   Section        0  entry11a.o(.ARM.Collect$$$$0000000F)
    .ARM.Collect$$$$00002712                 0x000000f4   Section        4  entry2.o(.ARM.Collect$$$$00002712)
    __lit__00000000                          0x000000f4   Data           4  entry2.o(.ARM.Collect$$$$00002712)
    .text                                    0x000000f8   Section       36  startup_lpc407x_8x_177x_8x.o(.text)
    $v0                                      0x000000f8   Number         0  startup_lpc407x_8x_177x_8x.o(.text)
    .text                                    0x0000011c   Section        0  memseta.o(.text)
    .text                                    0x00000140   Section        0  strncpy.o(.text)
    .text                                    0x00000158   Section       36  init.o(.text)
    i.HM10_ClearBuffer                       0x0000017c   Section        0  hm10.o(i.HM10_ClearBuffer)
    i.HM10_Init                              0x00000198   Section        0  hm10.o(i.HM10_Init)
    i.HM10_ReadData                          0x00000220   Section        0  hm10.o(i.HM10_ReadData)
    i.HM10_SendCommand                       0x00000238   Section        0  hm10.o(i.HM10_SendCommand)
    i.HM10_Write                             0x00000244   Section        0  hm10.o(i.HM10_Write)
    i.HM10_WriteData                         0x0000025c   Section        0  hm10.o(i.HM10_WriteData)
    i.Serial_ReadData                        0x00000274   Section        0  serial.o(i.Serial_ReadData)
    i.Serial_WriteData                       0x00000280   Section        0  serial.o(i.Serial_WriteData)
    i.UART0_IRQHandler                       0x00000294   Section        0  serial.o(i.UART0_IRQHandler)
    i.__scatterload_null                     0x000002f4   Section        2  handlers.o(i.__scatterload_null)
    .ARM.__at_0x02FC                         0x000002fc   Section        4  startup_lpc407x_8x_177x_8x.o(.ARM.__at_0x02FC)
    i.Serial_Init                            0x00000300   Section        0  serial.o(i.Serial_Init)
    i.SystemCoreClockUpdate                  0x000003bc   Section        0  system_lpc407x_8x_177x_8x.o(i.SystemCoreClockUpdate)
    i.SystemInit                             0x00000690   Section        0  system_lpc407x_8x_177x_8x.o(i.SystemInit)
    i.UART3_IRQHandler                       0x0000077c   Section        0  hm10.o(i.UART3_IRQHandler)
    i.__scatterload_copy                     0x000007c0   Section       14  handlers.o(i.__scatterload_copy)
    i.__scatterload_zeroinit                 0x000007ce   Section       14  handlers.o(i.__scatterload_zeroinit)
    i.fpu_init                               0x000007dc   Section        0  system_lpc407x_8x_177x_8x.o(i.fpu_init)
    i.init                                   0x0000082c   Section        0  main.o(i.init)
    i.main                                   0x00000838   Section        0  main.o(i.main)
    i.update                                 0x00000844   Section        0  main.o(i.update)
    .data                                    0x10000000   Section        9  serial.o(.data)
    .data                                    0x10000009   Section        2  hm10.o(.data)
    .data                                    0x1000000c   Section       16  system_lpc407x_8x_177x_8x.o(.data)
    .bss                                     0x1000001c   Section      512  hm10.o(.bss)
    STACK                                    0x10000220   Section     1024  startup_lpc407x_8x_177x_8x.o(STACK)

    Global Symbols

    Symbol Name                              Value     Ov Type        Size  Object(Section)

    BuildAttributes$$THM_ISAv4$E$P$D$K$B$S$7EM$VFPi3$EXTD16$VFPS$VFMA$PE$A:L22UL41UL21$X:L11$S22US41US21$IEEE1$IW$USESV6$~STKCKD$USESV7$~SHL$OSPACE$EBA8$MICROLIB$REQ8$PRES8$EABIv2 0x00000000   Number         0  anon$$obj.o ABSOLUTE
    __ARM_use_no_argv                        0x00000000   Number         0  main.o ABSOLUTE
    __Vectors                                0x00000000   Data           4  startup_lpc407x_8x_177x_8x.o(RESET)
    __cpp_initialize__aeabi_                  - Undefined Weak Reference
    __cxa_finalize                            - Undefined Weak Reference
    __decompress                              - Undefined Weak Reference
    _clock_init                               - Undefined Weak Reference
    _microlib_exit                            - Undefined Weak Reference
    __main                                   0x000000e5   Thumb Code     0  entry.o(.ARM.Collect$$$$00000000)
    _main_stk                                0x000000e5   Thumb Code     0  entry2.o(.ARM.Collect$$$$00000001)
    _main_scatterload                        0x000000e9   Thumb Code     0  entry5.o(.ARM.Collect$$$$00000004)
    __main_after_scatterload                 0x000000ed   Thumb Code     0  entry5.o(.ARM.Collect$$$$00000004)
    _main_clock                              0x000000ed   Thumb Code     0  entry7b.o(.ARM.Collect$$$$00000008)
    _main_cpp_init                           0x000000ed   Thumb Code     0  entry8b.o(.ARM.Collect$$$$0000000A)
    _main_init                               0x000000ed   Thumb Code     0  entry9a.o(.ARM.Collect$$$$0000000B)
    __rt_final_cpp                           0x000000f5   Thumb Code     0  entry10a.o(.ARM.Collect$$$$0000000D)
    __rt_final_exit                          0x000000f5   Thumb Code     0  entry11a.o(.ARM.Collect$$$$0000000F)
    Reset_Handler                            0x000000f9   Thumb Code     8  startup_lpc407x_8x_177x_8x.o(.text)
    NMI_Handler                              0x00000101   Thumb Code     2  startup_lpc407x_8x_177x_8x.o(.text)
    HardFault_Handler                        0x00000103   Thumb Code     2  startup_lpc407x_8x_177x_8x.o(.text)
    MemManage_Handler                        0x00000105   Thumb Code     2  startup_lpc407x_8x_177x_8x.o(.text)
    BusFault_Handler                         0x00000107   Thumb Code     2  startup_lpc407x_8x_177x_8x.o(.text)
    UsageFault_Handler                       0x00000109   Thumb Code     2  startup_lpc407x_8x_177x_8x.o(.text)
    SVC_Handler                              0x0000010b   Thumb Code     2  startup_lpc407x_8x_177x_8x.o(.text)
    DebugMon_Handler                         0x0000010d   Thumb Code     2  startup_lpc407x_8x_177x_8x.o(.text)
    PendSV_Handler                           0x0000010f   Thumb Code     2  startup_lpc407x_8x_177x_8x.o(.text)
    SysTick_Handler                          0x00000111   Thumb Code     2  startup_lpc407x_8x_177x_8x.o(.text)
    ADC_IRQHandler                           0x00000113   Thumb Code     0  startup_lpc407x_8x_177x_8x.o(.text)
    BOD_IRQHandler                           0x00000113   Thumb Code     0  startup_lpc407x_8x_177x_8x.o(.text)
    CANActivity_IRQHandler                   0x00000113   Thumb Code     0  startup_lpc407x_8x_177x_8x.o(.text)
    CAN_IRQHandler                           0x00000113   Thumb Code     0  startup_lpc407x_8x_177x_8x.o(.text)
    DMA_IRQHandler                           0x00000113   Thumb Code     0  startup_lpc407x_8x_177x_8x.o(.text)
    EEPROM_IRQHandler                        0x00000113   Thumb Code     0  startup_lpc407x_8x_177x_8x.o(.text)
    EINT0_IRQHandler                         0x00000113   Thumb Code     0  startup_lpc407x_8x_177x_8x.o(.text)
    EINT1_IRQHandler                         0x00000113   Thumb Code     0  startup_lpc407x_8x_177x_8x.o(.text)
    EINT2_IRQHandler                         0x00000113   Thumb Code     0  startup_lpc407x_8x_177x_8x.o(.text)
    EINT3_IRQHandler                         0x00000113   Thumb Code     0  startup_lpc407x_8x_177x_8x.o(.text)
    ENET_IRQHandler                          0x00000113   Thumb Code     0  startup_lpc407x_8x_177x_8x.o(.text)
    GPIO_IRQHandler                          0x00000113   Thumb Code     0  startup_lpc407x_8x_177x_8x.o(.text)
    I2C0_IRQHandler                          0x00000113   Thumb Code     0  startup_lpc407x_8x_177x_8x.o(.text)
    I2C1_IRQHandler                          0x00000113   Thumb Code     0  startup_lpc407x_8x_177x_8x.o(.text)
    I2C2_IRQHandler                          0x00000113   Thumb Code     0  startup_lpc407x_8x_177x_8x.o(.text)
    I2S_IRQHandler                           0x00000113   Thumb Code     0  startup_lpc407x_8x_177x_8x.o(.text)
    LCD_IRQHandler                           0x00000113   Thumb Code     0  startup_lpc407x_8x_177x_8x.o(.text)
    MCI_IRQHandler                           0x00000113   Thumb Code     0  startup_lpc407x_8x_177x_8x.o(.text)
    MCPWM_IRQHandler                         0x00000113   Thumb Code     0  startup_lpc407x_8x_177x_8x.o(.text)
    PLL0_IRQHandler                          0x00000113   Thumb Code     0  startup_lpc407x_8x_177x_8x.o(.text)
    PLL1_IRQHandler                          0x00000113   Thumb Code     0  startup_lpc407x_8x_177x_8x.o(.text)
    PWM0_IRQHandler                          0x00000113   Thumb Code     0  startup_lpc407x_8x_177x_8x.o(.text)
    PWM1_IRQHandler                          0x00000113   Thumb Code     0  startup_lpc407x_8x_177x_8x.o(.text)
    QEI_IRQHandler                           0x00000113   Thumb Code     0  startup_lpc407x_8x_177x_8x.o(.text)
    RTC_IRQHandler                           0x00000113   Thumb Code     0  startup_lpc407x_8x_177x_8x.o(.text)
    SSP0_IRQHandler                          0x00000113   Thumb Code     0  startup_lpc407x_8x_177x_8x.o(.text)
    SSP1_IRQHandler                          0x00000113   Thumb Code     0  startup_lpc407x_8x_177x_8x.o(.text)
    SSP2_IRQHandler                          0x00000113   Thumb Code     0  startup_lpc407x_8x_177x_8x.o(.text)
    TIMER0_IRQHandler                        0x00000113   Thumb Code     0  startup_lpc407x_8x_177x_8x.o(.text)
    TIMER1_IRQHandler                        0x00000113   Thumb Code     0  startup_lpc407x_8x_177x_8x.o(.text)
    TIMER2_IRQHandler                        0x00000113   Thumb Code     0  startup_lpc407x_8x_177x_8x.o(.text)
    TIMER3_IRQHandler                        0x00000113   Thumb Code     0  startup_lpc407x_8x_177x_8x.o(.text)
    UART1_IRQHandler                         0x00000113   Thumb Code     0  startup_lpc407x_8x_177x_8x.o(.text)
    UART2_IRQHandler                         0x00000113   Thumb Code     0  startup_lpc407x_8x_177x_8x.o(.text)
    UART4_IRQHandler                         0x00000113   Thumb Code     0  startup_lpc407x_8x_177x_8x.o(.text)
    USBActivity_IRQHandler                   0x00000113   Thumb Code     0  startup_lpc407x_8x_177x_8x.o(.text)
    USB_IRQHandler                           0x00000113   Thumb Code     0  startup_lpc407x_8x_177x_8x.o(.text)
    WDT_IRQHandler                           0x00000113   Thumb Code     0  startup_lpc407x_8x_177x_8x.o(.text)
    __aeabi_memset                           0x0000011d   Thumb Code    14  memseta.o(.text)
    __aeabi_memset4                          0x0000011d   Thumb Code     0  memseta.o(.text)
    __aeabi_memset8                          0x0000011d   Thumb Code     0  memseta.o(.text)
    __aeabi_memclr                           0x0000012b   Thumb Code     4  memseta.o(.text)
    __aeabi_memclr4                          0x0000012b   Thumb Code     0  memseta.o(.text)
    __aeabi_memclr8                          0x0000012b   Thumb Code     0  memseta.o(.text)
    _memset$wrapper                          0x0000012f   Thumb Code    18  memseta.o(.text)
    strncpy                                  0x00000141   Thumb Code    24  strncpy.o(.text)
    __scatterload                            0x00000159   Thumb Code    28  init.o(.text)
    __scatterload_rt2                        0x00000159   Thumb Code     0  init.o(.text)
    HM10_ClearBuffer                         0x0000017d   Thumb Code    20  hm10.o(i.HM10_ClearBuffer)
    HM10_Init                                0x00000199   Thumb Code   122  hm10.o(i.HM10_Init)
    HM10_ReadData                            0x00000221   Thumb Code    20  hm10.o(i.HM10_ReadData)
    HM10_SendCommand                         0x00000239   Thumb Code    12  hm10.o(i.HM10_SendCommand)
    HM10_Write                               0x00000245   Thumb Code    22  hm10.o(i.HM10_Write)
    HM10_WriteData                           0x0000025d   Thumb Code    20  hm10.o(i.HM10_WriteData)
    Serial_ReadData                          0x00000275   Thumb Code     6  serial.o(i.Serial_ReadData)
    Serial_WriteData                         0x00000281   Thumb Code    12  serial.o(i.Serial_WriteData)
    UART0_IRQHandler                         0x00000295   Thumb Code    74  serial.o(i.UART0_IRQHandler)
    __scatterload_null                       0x000002f5   Thumb Code     2  handlers.o(i.__scatterload_null)
    Serial_Init                              0x00000301   Thumb Code   168  serial.o(i.Serial_Init)
    SystemCoreClockUpdate                    0x000003bd   Thumb Code   696  system_lpc407x_8x_177x_8x.o(i.SystemCoreClockUpdate)
    SystemInit                               0x00000691   Thumb Code   220  system_lpc407x_8x_177x_8x.o(i.SystemInit)
    UART3_IRQHandler                         0x0000077d   Thumb Code    52  hm10.o(i.UART3_IRQHandler)
    __scatterload_copy                       0x000007c1   Thumb Code    14  handlers.o(i.__scatterload_copy)
    __scatterload_zeroinit                   0x000007cf   Thumb Code    14  handlers.o(i.__scatterload_zeroinit)
    fpu_init                                 0x000007dd   Thumb Code    62  system_lpc407x_8x_177x_8x.o(i.fpu_init)
    init                                     0x0000082d   Thumb Code    12  main.o(i.init)
    main                                     0x00000839   Thumb Code    12  main.o(i.main)
    update                                   0x00000845   Thumb Code    36  main.o(i.update)
    Region$$Table$$Base                      0x00000870   Number         0  anon$$obj.o(Region$$Table)
    Region$$Table$$Limit                     0x00000890   Number         0  anon$$obj.o(Region$$Table)
    serialReceivedCharacter                  0x10000000   Data           1  serial.o(.data)
    serialNewDataAvailable                   0x10000001   Data           1  serial.o(.data)
    serialTransmitData                       0x10000004   Data           4  serial.o(.data)
    serialTransmitCompleted                  0x10000008   Data           1  serial.o(.data)
    HM10WriteTo                              0x10000009   Data           1  hm10.o(.data)
    HM10NewDataAvailable                     0x1000000a   Data           1  hm10.o(.data)
    SystemCoreClock                          0x1000000c   Data           4  system_lpc407x_8x_177x_8x.o(.data)
    PeripheralClock                          0x10000010   Data           4  system_lpc407x_8x_177x_8x.o(.data)
    EMCClock                                 0x10000014   Data           4  system_lpc407x_8x_177x_8x.o(.data)
    USBClock                                 0x10000018   Data           4  system_lpc407x_8x_177x_8x.o(.data)
    NextCommand                              0x1000001c   Data         256  hm10.o(.bss)
    HM10Buffer                               0x1000011c   Data         256  hm10.o(.bss)
    __initial_sp                             0x10000620   Data           0  startup_lpc407x_8x_177x_8x.o(STACK)



==============================================================================

Memory Map of the image

  Image Entry point : 0x000000f9

  Load Region LR_1 (Base: 0x00000000, Size: 0x000008ac, Max: 0xffffffff, ABSOLUTE)

    Execution Region ER_RO (Exec base: 0x00000000, Load base: 0x00000000, Size: 0x00000890, Max: 0xffffffff, ABSOLUTE)

    Exec Addr    Load Addr    Size         Type   Attr      Idx    E Section Name        Object

    0x00000000   0x00000000   0x000000e4   Data   RO          225    RESET               startup_lpc407x_8x_177x_8x.o
    0x000000e4   0x000000e4   0x00000000   Code   RO          275  * .ARM.Collect$$$$00000000  mc_w.l(entry.o)
    0x000000e4   0x000000e4   0x00000004   Code   RO          282    .ARM.Collect$$$$00000001  mc_w.l(entry2.o)
    0x000000e8   0x000000e8   0x00000004   Code   RO          285    .ARM.Collect$$$$00000004  mc_w.l(entry5.o)
    0x000000ec   0x000000ec   0x00000000   Code   RO          287    .ARM.Collect$$$$00000008  mc_w.l(entry7b.o)
    0x000000ec   0x000000ec   0x00000000   Code   RO          289    .ARM.Collect$$$$0000000A  mc_w.l(entry8b.o)
    0x000000ec   0x000000ec   0x00000008   Code   RO          290    .ARM.Collect$$$$0000000B  mc_w.l(entry9a.o)
    0x000000f4   0x000000f4   0x00000000   Code   RO          292    .ARM.Collect$$$$0000000D  mc_w.l(entry10a.o)
    0x000000f4   0x000000f4   0x00000000   Code   RO          294    .ARM.Collect$$$$0000000F  mc_w.l(entry11a.o)
    0x000000f4   0x000000f4   0x00000004   Code   RO          283    .ARM.Collect$$$$00002712  mc_w.l(entry2.o)
    0x000000f8   0x000000f8   0x00000024   Code   RO          227  * .text               startup_lpc407x_8x_177x_8x.o
    0x0000011c   0x0000011c   0x00000024   Code   RO          278    .text               mc_w.l(memseta.o)
    0x00000140   0x00000140   0x00000018   Code   RO          280    .text               mc_w.l(strncpy.o)
    0x00000158   0x00000158   0x00000024   Code   RO          296    .text               mc_w.l(init.o)
    0x0000017c   0x0000017c   0x0000001c   Code   RO          151    i.HM10_ClearBuffer  hm10.o
    0x00000198   0x00000198   0x00000088   Code   RO          152    i.HM10_Init         hm10.o
    0x00000220   0x00000220   0x00000018   Code   RO          153    i.HM10_ReadData     hm10.o
    0x00000238   0x00000238   0x0000000c   Code   RO          154    i.HM10_SendCommand  hm10.o
    0x00000244   0x00000244   0x00000016   Code   RO          155    i.HM10_Write        hm10.o
    0x0000025a   0x0000025a   0x00000002   PAD
    0x0000025c   0x0000025c   0x00000018   Code   RO          156    i.HM10_WriteData    hm10.o
    0x00000274   0x00000274   0x0000000c   Code   RO           97    i.Serial_ReadData   serial.o
    0x00000280   0x00000280   0x00000014   Code   RO           98    i.Serial_WriteData  serial.o
    0x00000294   0x00000294   0x00000060   Code   RO           99    i.UART0_IRQHandler  serial.o
    0x000002f4   0x000002f4   0x00000002   Code   RO          301    i.__scatterload_null  mc_w.l(handlers.o)
    0x000002f6   0x000002f6   0x00000006   PAD
    0x000002fc   0x000002fc   0x00000004   Code   RO          226    .ARM.__at_0x02FC    startup_lpc407x_8x_177x_8x.o
    0x00000300   0x00000300   0x000000bc   Code   RO           96    i.Serial_Init       serial.o
    0x000003bc   0x000003bc   0x000002d4   Code   RO          236    i.SystemCoreClockUpdate  system_lpc407x_8x_177x_8x.o
    0x00000690   0x00000690   0x000000ec   Code   RO          237    i.SystemInit        system_lpc407x_8x_177x_8x.o
    0x0000077c   0x0000077c   0x00000044   Code   RO          157    i.UART3_IRQHandler  hm10.o
    0x000007c0   0x000007c0   0x0000000e   Code   RO          300    i.__scatterload_copy  mc_w.l(handlers.o)
    0x000007ce   0x000007ce   0x0000000e   Code   RO          302    i.__scatterload_zeroinit  mc_w.l(handlers.o)
    0x000007dc   0x000007dc   0x00000050   Code   RO          238    i.fpu_init          system_lpc407x_8x_177x_8x.o
    0x0000082c   0x0000082c   0x0000000c   Code   RO            4    i.init              main.o
    0x00000838   0x00000838   0x0000000c   Code   RO            5    i.main              main.o
    0x00000844   0x00000844   0x0000002c   Code   RO            7    i.update            main.o
    0x00000870   0x00000870   0x00000020   Data   RO          298    Region$$Table       anon$$obj.o


    Execution Region ER_RW (Exec base: 0x10000000, Load base: 0x00000890, Size: 0x0000001c, Max: 0xffffffff, ABSOLUTE)

    Exec Addr    Load Addr    Size         Type   Attr      Idx    E Section Name        Object

    0x10000000   0x00000890   0x00000009   Data   RW          100    .data               serial.o
    0x10000009   0x00000899   0x00000002   Data   RW          159    .data               hm10.o
    0x1000000b   0x0000089b   0x00000001   PAD
    0x1000000c   0x0000089c   0x00000010   Data   RW          239    .data               system_lpc407x_8x_177x_8x.o


    Execution Region ER_ZI (Exec base: 0x1000001c, Load base: 0x000008ac, Size: 0x00000604, Max: 0xffffffff, ABSOLUTE)

    Exec Addr    Load Addr    Size         Type   Attr      Idx    E Section Name        Object

    0x1000001c        -       0x00000200   Zero   RW          158    .bss                hm10.o
    0x1000021c   0x000008ac   0x00000004   PAD
    0x10000220        -       0x00000400   Zero   RW          223    STACK               startup_lpc407x_8x_177x_8x.o


==============================================================================

Image component sizes


      Code (inc. data)   RO Data    RW Data    ZI Data      Debug   Object Name

       314         46          0          2        512      34300   hm10.o
        68          8          0          0          0      28151   main.o
       316         56          0          9          0      33029   serial.o
        40         12        228          0       1024       1088   startup_lpc407x_8x_177x_8x.o
      1040         62          0         16          0       4588   system_lpc407x_8x_177x_8x.o

    ----------------------------------------------------------------------
      1780        184        260         28       1540     101156   Object Totals
         0          0         32          0          0          0   (incl. Generated)
         2          0          0          1          4          0   (incl. Padding)

    ----------------------------------------------------------------------

      Code (inc. data)   RO Data    RW Data    ZI Data      Debug   Library Member Name

         0          0          0          0          0          0   entry.o
         0          0          0          0          0          0   entry10a.o
         0          0          0          0          0          0   entry11a.o
         8          4          0          0          0          0   entry2.o
         4          0          0          0          0          0   entry5.o
         0          0          0          0          0          0   entry7b.o
         0          0          0          0          0          0   entry8b.o
         8          4          0          0          0          0   entry9a.o
        30          0          0          0          0          0   handlers.o
        36          8          0          0          0         68   init.o
        36          0          0          0          0        108   memseta.o
        24          0          0          0          0         76   strncpy.o

    ----------------------------------------------------------------------
       152         16          0          0          0        252   Library Totals
         6          0          0          0          0          0   (incl. Padding)

    ----------------------------------------------------------------------

      Code (inc. data)   RO Data    RW Data    ZI Data      Debug   Library Name

       146         16          0          0          0        252   mc_w.l

    ----------------------------------------------------------------------
       152         16          0          0          0        252   Library Totals

    ----------------------------------------------------------------------

==============================================================================


      Code (inc. data)   RO Data    RW Data    ZI Data      Debug   

      1932        200        260         28       1540     100360   Grand Totals
      1932        200        260         28       1540     100360   ELF Image Totals
      1932        200        260         28          0          0   ROM Totals

==============================================================================

    Total RO  Size (Code + RO Data)                 2192 (   2.14kB)
    Total RW  Size (RW Data + ZI Data)              1568 (   1.53kB)
    Total ROM Size (Code + RO Data + RW Data)       2220 (   2.17kB)

==============================================================================

