Component: ARM Compiler 5.06 update 6 (build 750) Tool: armlink [4d35ed]

==============================================================================

Section Cross References

    main.o(i.init) refers to ultrasonic.o(i.Ultrasonic_Init) for Ultrasonic_Init
    main.o(i.init) refers to ultrasonic.o(i.Ultrasonic_Trigger_Timer_Init) for Ultrasonic_Trigger_Timer_Init
    main.o(i.init) refers to ultrasonic.o(i.Ultrasonic_Capture_Timer_Init) for Ultrasonic_Capture_Timer_Init
    main.o(i.init) refers to serial.o(i.Serial_Init) for Serial_Init
    main.o(i.init) refers to hm10.o(i.HM10_Init) for HM10_Init
    main.o(i.init) refers to adc.o(i.ADC_Init) for ADC_Init
    main.o(i.init) refers to adc.o(i.ADC_Start) for ADC_Start
    main.o(i.init) refers to ultrasonic.o(i.Ultrasonic_Start_Trigger_Timer) for Ultrasonic_Start_Trigger_Timer
    main.o(i.main) refers to main.o(i.init) for init
    main.o(i.main) refers to main.o(i.update) for update
    main.o(i.readWhenAvailable) refers to serial.o(.data) for serialNewDataAvailable
    main.o(i.sendStatus) refers to memseta.o(.text) for __aeabi_memclr4
    main.o(i.sendStatus) refers to adc.o(i.ADC_GetLastValue) for ADC_GetLastValue
    main.o(i.sendStatus) refers to dfltui.o(.text) for __aeabi_ui2d
    main.o(i.sendStatus) refers to ddiv.o(.text) for __aeabi_ddiv
    main.o(i.sendStatus) refers to printfa.o(i.__0sprintf) for __2sprintf
    main.o(i.sendStatus) refers to hm10.o(i.HM10_SendCommand) for HM10_SendCommand
    main.o(i.sendStatus) refers to ultrasonic.o(.data) for ultrasonicSensorsDurations
    main.o(i.sendStatus) refers to main.o(.conststring) for .conststring
    main.o(i.update) refers to hm10.o(i.HM10_SendCommand) for HM10_SendCommand
    main.o(i.update) refers to memseta.o(.text) for __aeabi_memclr
    main.o(i.update) refers to main.o(i.sendStatus) for sendStatus
    main.o(i.update) refers to hm10.o(.data) for HM10NewDataAvailable
    main.o(i.update) refers to hm10.o(.bss) for NextCommand
    serial.o(i.Serial_WriteData) refers to serial.o(.data) for serialTransmitCompleted
    serial.o(i.UART0_IRQHandler) refers to serial.o(i.Serial_ReadData) for Serial_ReadData
    serial.o(i.UART0_IRQHandler) refers to serial.o(i.Serial_WriteData) for Serial_WriteData
    serial.o(i.UART0_IRQHandler) refers to serial.o(.data) for serialReceivedCharacter
    hm10.o(i.HM10_ClearBuffer) refers to memseta.o(.text) for __aeabi_memclr
    hm10.o(i.HM10_ClearBuffer) refers to hm10.o(.data) for HM10WriteTo
    hm10.o(i.HM10_ClearBuffer) refers to hm10.o(.bss) for HM10Buffer
    hm10.o(i.HM10_SendCommand) refers to hm10.o(i.HM10_Write) for HM10_Write
    hm10.o(i.HM10_Write) refers to hm10.o(i.HM10_WriteData) for HM10_WriteData
    hm10.o(i.UART3_IRQHandler) refers to hm10.o(i.HM10_ReadData) for HM10_ReadData
    hm10.o(i.UART3_IRQHandler) refers to strncpy.o(.text) for strncpy
    hm10.o(i.UART3_IRQHandler) refers to hm10.o(i.HM10_ClearBuffer) for HM10_ClearBuffer
    hm10.o(i.UART3_IRQHandler) refers to hm10.o(.data) for HM10WriteTo
    hm10.o(i.UART3_IRQHandler) refers to hm10.o(.bss) for HM10Buffer
    gpio.o(i.LED1_Init) refers to gpio.o(i.GPIO_DIR_Write) for GPIO_DIR_Write
    gpio.o(i.LED1_Off) refers to gpio.o(i.GPIO_PIN_Write) for GPIO_PIN_Write
    gpio.o(i.LED1_On) refers to gpio.o(i.GPIO_PIN_Write) for GPIO_PIN_Write
    gpio.o(i.LED2_Init) refers to gpio.o(i.GPIO_DIR_Write) for GPIO_DIR_Write
    gpio.o(i.LED2_Off) refers to gpio.o(i.GPIO_PIN_Write) for GPIO_PIN_Write
    gpio.o(i.LED2_On) refers to gpio.o(i.GPIO_PIN_Write) for GPIO_PIN_Write
    gpio.o(i.LED3_Init) refers to gpio.o(i.GPIO_DIR_Write) for GPIO_DIR_Write
    gpio.o(i.LED3_Off) refers to gpio.o(i.GPIO_PIN_Write) for GPIO_PIN_Write
    gpio.o(i.LED3_On) refers to gpio.o(i.GPIO_PIN_Write) for GPIO_PIN_Write
    gpio.o(i.LED4_Init) refers to gpio.o(i.GPIO_DIR_Write) for GPIO_DIR_Write
    gpio.o(i.LED4_Off) refers to gpio.o(i.GPIO_PIN_Write) for GPIO_PIN_Write
    gpio.o(i.LED4_On) refers to gpio.o(i.GPIO_PIN_Write) for GPIO_PIN_Write
    ultrasonic.o(i.TIMER2_IRQHandler) refers to ultrasonic.o(.data) for ultrasonicSensorTriggerStart
    ultrasonic.o(i.TIMER3_IRQHandler) refers to ultrasonic.o(.data) for ultrasonicSensorsCaptureRisingEdge
    ultrasonic.o(i.Ultrasonic_Capture_Timer_Init) refers to ultrasonic.o(i.__NVIC_EnableIRQ) for __NVIC_EnableIRQ
    ultrasonic.o(i.Ultrasonic_Trigger_Timer_Init) refers to ultrasonic.o(i.__NVIC_EnableIRQ) for __NVIC_EnableIRQ
    adc.o(i.ADC_GetLastValue) refers to adc.o(.data) for ADC_New_Data_Available
    adc.o(i.ADC_GetLastValue) refers to adc.o(.bss) for ADC_Values
    adc.o(i.ADC_IRQHandler) refers to adc.o(.bss) for ADC_Values
    adc.o(i.ADC_IRQHandler) refers to adc.o(.data) for ADC_New_Data_Available
    startup_lpc407x_8x_177x_8x.o(RESET) refers to startup_lpc407x_8x_177x_8x.o(STACK) for __initial_sp
    startup_lpc407x_8x_177x_8x.o(RESET) refers to startup_lpc407x_8x_177x_8x.o(.text) for Reset_Handler
    startup_lpc407x_8x_177x_8x.o(RESET) refers to ultrasonic.o(i.TIMER2_IRQHandler) for TIMER2_IRQHandler
    startup_lpc407x_8x_177x_8x.o(RESET) refers to ultrasonic.o(i.TIMER3_IRQHandler) for TIMER3_IRQHandler
    startup_lpc407x_8x_177x_8x.o(RESET) refers to serial.o(i.UART0_IRQHandler) for UART0_IRQHandler
    startup_lpc407x_8x_177x_8x.o(RESET) refers to hm10.o(i.UART3_IRQHandler) for UART3_IRQHandler
    startup_lpc407x_8x_177x_8x.o(RESET) refers to adc.o(i.ADC_IRQHandler) for ADC_IRQHandler
    startup_lpc407x_8x_177x_8x.o(.text) refers to system_lpc407x_8x_177x_8x.o(i.SystemInit) for SystemInit
    startup_lpc407x_8x_177x_8x.o(.text) refers to entry.o(.ARM.Collect$$$$00000000) for __main
    system_lpc407x_8x_177x_8x.o(i.SystemCoreClockUpdate) refers to system_lpc407x_8x_177x_8x.o(.data) for SystemCoreClock
    system_lpc407x_8x_177x_8x.o(i.SystemInit) refers to system_lpc407x_8x_177x_8x.o(i.fpu_init) for fpu_init
    system_lpc407x_8x_177x_8x.o(i.SystemInit) refers to system_lpc407x_8x_177x_8x.o(i.SystemCoreClockUpdate) for SystemCoreClockUpdate
    entry.o(.ARM.Collect$$$$00000000) refers (Special) to entry10a.o(.ARM.Collect$$$$0000000D) for __rt_final_cpp
    entry.o(.ARM.Collect$$$$00000000) refers (Special) to entry11a.o(.ARM.Collect$$$$0000000F) for __rt_final_exit
    entry.o(.ARM.Collect$$$$00000000) refers (Special) to entry7b.o(.ARM.Collect$$$$00000008) for _main_clock
    entry.o(.ARM.Collect$$$$00000000) refers (Special) to entry8b.o(.ARM.Collect$$$$0000000A) for _main_cpp_init
    entry.o(.ARM.Collect$$$$00000000) refers (Special) to entry9a.o(.ARM.Collect$$$$0000000B) for _main_init
    entry.o(.ARM.Collect$$$$00000000) refers (Special) to entry5.o(.ARM.Collect$$$$00000004) for _main_scatterload
    entry.o(.ARM.Collect$$$$00000000) refers (Special) to entry2.o(.ARM.Collect$$$$00000001) for _main_stk
    printfb.o(i.__0fprintf$bare) refers to printfb.o(i._printf_core) for _printf_core
    printfb.o(i.__0fprintf$bare) refers to fputc.o(i.fputc) for fputc
    printfb.o(i.__0printf$bare) refers to printfb.o(i._printf_core) for _printf_core
    printfb.o(i.__0printf$bare) refers to fputc.o(i.fputc) for fputc
    printfb.o(i.__0printf$bare) refers to stdout.o(.data) for __stdout
    printfb.o(i.__0snprintf$bare) refers to printfb.o(i._printf_core) for _printf_core
    printfb.o(i.__0snprintf$bare) refers to printfb.o(i._snputc) for _snputc
    printfb.o(i.__0sprintf$bare) refers to printfb.o(i._printf_core) for _printf_core
    printfb.o(i.__0sprintf$bare) refers to printfb.o(i._sputc) for _sputc
    printfb.o(i.__0vfprintf$bare) refers to printfb.o(i._printf_core) for _printf_core
    printfb.o(i.__0vfprintf$bare) refers to fputc.o(i.fputc) for fputc
    printfb.o(i.__0vprintf$bare) refers to printfb.o(i._printf_core) for _printf_core
    printfb.o(i.__0vprintf$bare) refers to fputc.o(i.fputc) for fputc
    printfb.o(i.__0vprintf$bare) refers to stdout.o(.data) for __stdout
    printfb.o(i.__0vsnprintf$bare) refers to printfb.o(i._printf_core) for _printf_core
    printfb.o(i.__0vsnprintf$bare) refers to printfb.o(i._snputc) for _snputc
    printfb.o(i.__0vsprintf$bare) refers to printfb.o(i._printf_core) for _printf_core
    printfb.o(i.__0vsprintf$bare) refers to printfb.o(i._sputc) for _sputc
    printf0.o(i.__0fprintf$0) refers to printf0.o(i._printf_core) for _printf_core
    printf0.o(i.__0fprintf$0) refers to fputc.o(i.fputc) for fputc
    printf0.o(i.__0printf$0) refers to printf0.o(i._printf_core) for _printf_core
    printf0.o(i.__0printf$0) refers to fputc.o(i.fputc) for fputc
    printf0.o(i.__0printf$0) refers to stdout.o(.data) for __stdout
    printf0.o(i.__0snprintf$0) refers to printf0.o(i._printf_core) for _printf_core
    printf0.o(i.__0snprintf$0) refers to printf0.o(i._snputc) for _snputc
    printf0.o(i.__0sprintf$0) refers to printf0.o(i._printf_core) for _printf_core
    printf0.o(i.__0sprintf$0) refers to printf0.o(i._sputc) for _sputc
    printf0.o(i.__0vfprintf$0) refers to printf0.o(i._printf_core) for _printf_core
    printf0.o(i.__0vfprintf$0) refers to fputc.o(i.fputc) for fputc
    printf0.o(i.__0vprintf$0) refers to printf0.o(i._printf_core) for _printf_core
    printf0.o(i.__0vprintf$0) refers to fputc.o(i.fputc) for fputc
    printf0.o(i.__0vprintf$0) refers to stdout.o(.data) for __stdout
    printf0.o(i.__0vsnprintf$0) refers to printf0.o(i._printf_core) for _printf_core
    printf0.o(i.__0vsnprintf$0) refers to printf0.o(i._snputc) for _snputc
    printf0.o(i.__0vsprintf$0) refers to printf0.o(i._printf_core) for _printf_core
    printf0.o(i.__0vsprintf$0) refers to printf0.o(i._sputc) for _sputc
    printf1.o(i.__0fprintf$1) refers to printf1.o(i._printf_core) for _printf_core
    printf1.o(i.__0fprintf$1) refers to fputc.o(i.fputc) for fputc
    printf1.o(i.__0printf$1) refers to printf1.o(i._printf_core) for _printf_core
    printf1.o(i.__0printf$1) refers to fputc.o(i.fputc) for fputc
    printf1.o(i.__0printf$1) refers to stdout.o(.data) for __stdout
    printf1.o(i.__0snprintf$1) refers to printf1.o(i._printf_core) for _printf_core
    printf1.o(i.__0snprintf$1) refers to printf1.o(i._snputc) for _snputc
    printf1.o(i.__0sprintf$1) refers to printf1.o(i._printf_core) for _printf_core
    printf1.o(i.__0sprintf$1) refers to printf1.o(i._sputc) for _sputc
    printf1.o(i.__0vfprintf$1) refers to printf1.o(i._printf_core) for _printf_core
    printf1.o(i.__0vfprintf$1) refers to fputc.o(i.fputc) for fputc
    printf1.o(i.__0vprintf$1) refers to printf1.o(i._printf_core) for _printf_core
    printf1.o(i.__0vprintf$1) refers to fputc.o(i.fputc) for fputc
    printf1.o(i.__0vprintf$1) refers to stdout.o(.data) for __stdout
    printf1.o(i.__0vsnprintf$1) refers to printf1.o(i._printf_core) for _printf_core
    printf1.o(i.__0vsnprintf$1) refers to printf1.o(i._snputc) for _snputc
    printf1.o(i.__0vsprintf$1) refers to printf1.o(i._printf_core) for _printf_core
    printf1.o(i.__0vsprintf$1) refers to printf1.o(i._sputc) for _sputc
    printf1.o(i._printf_core) refers to uidiv.o(.text) for __aeabi_uidivmod
    printf2.o(i.__0fprintf$2) refers to printf2.o(i._printf_core) for _printf_core
    printf2.o(i.__0fprintf$2) refers to fputc.o(i.fputc) for fputc
    printf2.o(i.__0printf$2) refers to printf2.o(i._printf_core) for _printf_core
    printf2.o(i.__0printf$2) refers to fputc.o(i.fputc) for fputc
    printf2.o(i.__0printf$2) refers to stdout.o(.data) for __stdout
    printf2.o(i.__0snprintf$2) refers to printf2.o(i._printf_core) for _printf_core
    printf2.o(i.__0snprintf$2) refers to printf2.o(i._snputc) for _snputc
    printf2.o(i.__0sprintf$2) refers to printf2.o(i._printf_core) for _printf_core
    printf2.o(i.__0sprintf$2) refers to printf2.o(i._sputc) for _sputc
    printf2.o(i.__0vfprintf$2) refers to printf2.o(i._printf_core) for _printf_core
    printf2.o(i.__0vfprintf$2) refers to fputc.o(i.fputc) for fputc
    printf2.o(i.__0vprintf$2) refers to printf2.o(i._printf_core) for _printf_core
    printf2.o(i.__0vprintf$2) refers to fputc.o(i.fputc) for fputc
    printf2.o(i.__0vprintf$2) refers to stdout.o(.data) for __stdout
    printf2.o(i.__0vsnprintf$2) refers to printf2.o(i._printf_core) for _printf_core
    printf2.o(i.__0vsnprintf$2) refers to printf2.o(i._snputc) for _snputc
    printf2.o(i.__0vsprintf$2) refers to printf2.o(i._printf_core) for _printf_core
    printf2.o(i.__0vsprintf$2) refers to printf2.o(i._sputc) for _sputc
    printf3.o(i.__0fprintf$3) refers to printf3.o(i._printf_core) for _printf_core
    printf3.o(i.__0fprintf$3) refers to fputc.o(i.fputc) for fputc
    printf3.o(i.__0printf$3) refers to printf3.o(i._printf_core) for _printf_core
    printf3.o(i.__0printf$3) refers to fputc.o(i.fputc) for fputc
    printf3.o(i.__0printf$3) refers to stdout.o(.data) for __stdout
    printf3.o(i.__0snprintf$3) refers to printf3.o(i._printf_core) for _printf_core
    printf3.o(i.__0snprintf$3) refers to printf3.o(i._snputc) for _snputc
    printf3.o(i.__0sprintf$3) refers to printf3.o(i._printf_core) for _printf_core
    printf3.o(i.__0sprintf$3) refers to printf3.o(i._sputc) for _sputc
    printf3.o(i.__0vfprintf$3) refers to printf3.o(i._printf_core) for _printf_core
    printf3.o(i.__0vfprintf$3) refers to fputc.o(i.fputc) for fputc
    printf3.o(i.__0vprintf$3) refers to printf3.o(i._printf_core) for _printf_core
    printf3.o(i.__0vprintf$3) refers to fputc.o(i.fputc) for fputc
    printf3.o(i.__0vprintf$3) refers to stdout.o(.data) for __stdout
    printf3.o(i.__0vsnprintf$3) refers to printf3.o(i._printf_core) for _printf_core
    printf3.o(i.__0vsnprintf$3) refers to printf3.o(i._snputc) for _snputc
    printf3.o(i.__0vsprintf$3) refers to printf3.o(i._printf_core) for _printf_core
    printf3.o(i.__0vsprintf$3) refers to printf3.o(i._sputc) for _sputc
    printf3.o(i._printf_core) refers to uidiv.o(.text) for __aeabi_uidivmod
    printf4.o(i.__0fprintf$4) refers to printf4.o(i._printf_core) for _printf_core
    printf4.o(i.__0fprintf$4) refers to fputc.o(i.fputc) for fputc
    printf4.o(i.__0printf$4) refers to printf4.o(i._printf_core) for _printf_core
    printf4.o(i.__0printf$4) refers to fputc.o(i.fputc) for fputc
    printf4.o(i.__0printf$4) refers to stdout.o(.data) for __stdout
    printf4.o(i.__0snprintf$4) refers to printf4.o(i._printf_core) for _printf_core
    printf4.o(i.__0snprintf$4) refers to printf4.o(i._snputc) for _snputc
    printf4.o(i.__0sprintf$4) refers to printf4.o(i._printf_core) for _printf_core
    printf4.o(i.__0sprintf$4) refers to printf4.o(i._sputc) for _sputc
    printf4.o(i.__0vfprintf$4) refers to printf4.o(i._printf_core) for _printf_core
    printf4.o(i.__0vfprintf$4) refers to fputc.o(i.fputc) for fputc
    printf4.o(i.__0vprintf$4) refers to printf4.o(i._printf_core) for _printf_core
    printf4.o(i.__0vprintf$4) refers to fputc.o(i.fputc) for fputc
    printf4.o(i.__0vprintf$4) refers to stdout.o(.data) for __stdout
    printf4.o(i.__0vsnprintf$4) refers to printf4.o(i._printf_core) for _printf_core
    printf4.o(i.__0vsnprintf$4) refers to printf4.o(i._snputc) for _snputc
    printf4.o(i.__0vsprintf$4) refers to printf4.o(i._printf_core) for _printf_core
    printf4.o(i.__0vsprintf$4) refers to printf4.o(i._sputc) for _sputc
    printf4.o(i._printf_core) refers to uldiv.o(.text) for __aeabi_uldivmod
    printf5.o(i.__0fprintf$5) refers to printf5.o(i._printf_core) for _printf_core
    printf5.o(i.__0fprintf$5) refers to fputc.o(i.fputc) for fputc
    printf5.o(i.__0printf$5) refers to printf5.o(i._printf_core) for _printf_core
    printf5.o(i.__0printf$5) refers to fputc.o(i.fputc) for fputc
    printf5.o(i.__0printf$5) refers to stdout.o(.data) for __stdout
    printf5.o(i.__0snprintf$5) refers to printf5.o(i._printf_core) for _printf_core
    printf5.o(i.__0snprintf$5) refers to printf5.o(i._snputc) for _snputc
    printf5.o(i.__0sprintf$5) refers to printf5.o(i._printf_core) for _printf_core
    printf5.o(i.__0sprintf$5) refers to printf5.o(i._sputc) for _sputc
    printf5.o(i.__0vfprintf$5) refers to printf5.o(i._printf_core) for _printf_core
    printf5.o(i.__0vfprintf$5) refers to fputc.o(i.fputc) for fputc
    printf5.o(i.__0vprintf$5) refers to printf5.o(i._printf_core) for _printf_core
    printf5.o(i.__0vprintf$5) refers to fputc.o(i.fputc) for fputc
    printf5.o(i.__0vprintf$5) refers to stdout.o(.data) for __stdout
    printf5.o(i.__0vsnprintf$5) refers to printf5.o(i._printf_core) for _printf_core
    printf5.o(i.__0vsnprintf$5) refers to printf5.o(i._snputc) for _snputc
    printf5.o(i.__0vsprintf$5) refers to printf5.o(i._printf_core) for _printf_core
    printf5.o(i.__0vsprintf$5) refers to printf5.o(i._sputc) for _sputc
    printf5.o(i._printf_core) refers to uldiv.o(.text) for __aeabi_uldivmod
    printf6.o(i.__0fprintf$6) refers to printf6.o(i._printf_core) for _printf_core
    printf6.o(i.__0fprintf$6) refers to fputc.o(i.fputc) for fputc
    printf6.o(i.__0printf$6) refers to printf6.o(i._printf_core) for _printf_core
    printf6.o(i.__0printf$6) refers to fputc.o(i.fputc) for fputc
    printf6.o(i.__0printf$6) refers to stdout.o(.data) for __stdout
    printf6.o(i.__0snprintf$6) refers to printf6.o(i._printf_core) for _printf_core
    printf6.o(i.__0snprintf$6) refers to printf6.o(i._snputc) for _snputc
    printf6.o(i.__0sprintf$6) refers to printf6.o(i._printf_core) for _printf_core
    printf6.o(i.__0sprintf$6) refers to printf6.o(i._sputc) for _sputc
    printf6.o(i.__0vfprintf$6) refers to printf6.o(i._printf_core) for _printf_core
    printf6.o(i.__0vfprintf$6) refers to fputc.o(i.fputc) for fputc
    printf6.o(i.__0vprintf$6) refers to printf6.o(i._printf_core) for _printf_core
    printf6.o(i.__0vprintf$6) refers to fputc.o(i.fputc) for fputc
    printf6.o(i.__0vprintf$6) refers to stdout.o(.data) for __stdout
    printf6.o(i.__0vsnprintf$6) refers to printf6.o(i._printf_core) for _printf_core
    printf6.o(i.__0vsnprintf$6) refers to printf6.o(i._snputc) for _snputc
    printf6.o(i.__0vsprintf$6) refers to printf6.o(i._printf_core) for _printf_core
    printf6.o(i.__0vsprintf$6) refers to printf6.o(i._sputc) for _sputc
    printf6.o(i._printf_core) refers to printf6.o(i._printf_pre_padding) for _printf_pre_padding
    printf6.o(i._printf_core) refers to uidiv.o(.text) for __aeabi_uidivmod
    printf6.o(i._printf_core) refers to printf6.o(i._printf_post_padding) for _printf_post_padding
    printf7.o(i.__0fprintf$7) refers to printf7.o(i._printf_core) for _printf_core
    printf7.o(i.__0fprintf$7) refers to fputc.o(i.fputc) for fputc
    printf7.o(i.__0printf$7) refers to printf7.o(i._printf_core) for _printf_core
    printf7.o(i.__0printf$7) refers to fputc.o(i.fputc) for fputc
    printf7.o(i.__0printf$7) refers to stdout.o(.data) for __stdout
    printf7.o(i.__0snprintf$7) refers to printf7.o(i._printf_core) for _printf_core
    printf7.o(i.__0snprintf$7) refers to printf7.o(i._snputc) for _snputc
    printf7.o(i.__0sprintf$7) refers to printf7.o(i._printf_core) for _printf_core
    printf7.o(i.__0sprintf$7) refers to printf7.o(i._sputc) for _sputc
    printf7.o(i.__0vfprintf$7) refers to printf7.o(i._printf_core) for _printf_core
    printf7.o(i.__0vfprintf$7) refers to fputc.o(i.fputc) for fputc
    printf7.o(i.__0vprintf$7) refers to printf7.o(i._printf_core) for _printf_core
    printf7.o(i.__0vprintf$7) refers to fputc.o(i.fputc) for fputc
    printf7.o(i.__0vprintf$7) refers to stdout.o(.data) for __stdout
    printf7.o(i.__0vsnprintf$7) refers to printf7.o(i._printf_core) for _printf_core
    printf7.o(i.__0vsnprintf$7) refers to printf7.o(i._snputc) for _snputc
    printf7.o(i.__0vsprintf$7) refers to printf7.o(i._printf_core) for _printf_core
    printf7.o(i.__0vsprintf$7) refers to printf7.o(i._sputc) for _sputc
    printf7.o(i._printf_core) refers to printf7.o(i._printf_pre_padding) for _printf_pre_padding
    printf7.o(i._printf_core) refers to uldiv.o(.text) for __aeabi_uldivmod
    printf7.o(i._printf_core) refers to printf7.o(i._printf_post_padding) for _printf_post_padding
    printf8.o(i.__0fprintf$8) refers to printf8.o(i._printf_core) for _printf_core
    printf8.o(i.__0fprintf$8) refers to fputc.o(i.fputc) for fputc
    printf8.o(i.__0printf$8) refers to printf8.o(i._printf_core) for _printf_core
    printf8.o(i.__0printf$8) refers to fputc.o(i.fputc) for fputc
    printf8.o(i.__0printf$8) refers to stdout.o(.data) for __stdout
    printf8.o(i.__0snprintf$8) refers to printf8.o(i._printf_core) for _printf_core
    printf8.o(i.__0snprintf$8) refers to printf8.o(i._snputc) for _snputc
    printf8.o(i.__0sprintf$8) refers to printf8.o(i._printf_core) for _printf_core
    printf8.o(i.__0sprintf$8) refers to printf8.o(i._sputc) for _sputc
    printf8.o(i.__0vfprintf$8) refers to printf8.o(i._printf_core) for _printf_core
    printf8.o(i.__0vfprintf$8) refers to fputc.o(i.fputc) for fputc
    printf8.o(i.__0vprintf$8) refers to printf8.o(i._printf_core) for _printf_core
    printf8.o(i.__0vprintf$8) refers to fputc.o(i.fputc) for fputc
    printf8.o(i.__0vprintf$8) refers to stdout.o(.data) for __stdout
    printf8.o(i.__0vsnprintf$8) refers to printf8.o(i._printf_core) for _printf_core
    printf8.o(i.__0vsnprintf$8) refers to printf8.o(i._snputc) for _snputc
    printf8.o(i.__0vsprintf$8) refers to printf8.o(i._printf_core) for _printf_core
    printf8.o(i.__0vsprintf$8) refers to printf8.o(i._sputc) for _sputc
    printf8.o(i._printf_core) refers to printf8.o(i._printf_pre_padding) for _printf_pre_padding
    printf8.o(i._printf_core) refers to uldiv.o(.text) for __aeabi_uldivmod
    printf8.o(i._printf_core) refers to printf8.o(i._printf_post_padding) for _printf_post_padding
    printfa.o(i.__0fprintf) refers (Special) to iusefp.o(.text) for __I$use$fp
    printfa.o(i.__0fprintf) refers to printfa.o(i._printf_core) for _printf_core
    printfa.o(i.__0fprintf) refers to fputc.o(i.fputc) for fputc
    printfa.o(i.__0printf) refers (Special) to iusefp.o(.text) for __I$use$fp
    printfa.o(i.__0printf) refers to printfa.o(i._printf_core) for _printf_core
    printfa.o(i.__0printf) refers to fputc.o(i.fputc) for fputc
    printfa.o(i.__0printf) refers to stdout.o(.data) for __stdout
    printfa.o(i.__0snprintf) refers (Special) to iusefp.o(.text) for __I$use$fp
    printfa.o(i.__0snprintf) refers to printfa.o(i._printf_core) for _printf_core
    printfa.o(i.__0snprintf) refers to printfa.o(i._snputc) for _snputc
    printfa.o(i.__0sprintf) refers (Special) to iusefp.o(.text) for __I$use$fp
    printfa.o(i.__0sprintf) refers to printfa.o(i._printf_core) for _printf_core
    printfa.o(i.__0sprintf) refers to printfa.o(i._sputc) for _sputc
    printfa.o(i.__0vfprintf) refers (Special) to iusefp.o(.text) for __I$use$fp
    printfa.o(i.__0vfprintf) refers to printfa.o(i._printf_core) for _printf_core
    printfa.o(i.__0vfprintf) refers to fputc.o(i.fputc) for fputc
    printfa.o(i.__0vprintf) refers (Special) to iusefp.o(.text) for __I$use$fp
    printfa.o(i.__0vprintf) refers to printfa.o(i._printf_core) for _printf_core
    printfa.o(i.__0vprintf) refers to fputc.o(i.fputc) for fputc
    printfa.o(i.__0vprintf) refers to stdout.o(.data) for __stdout
    printfa.o(i.__0vsnprintf) refers (Special) to iusefp.o(.text) for __I$use$fp
    printfa.o(i.__0vsnprintf) refers to printfa.o(i._printf_core) for _printf_core
    printfa.o(i.__0vsnprintf) refers to printfa.o(i._snputc) for _snputc
    printfa.o(i.__0vsprintf) refers (Special) to iusefp.o(.text) for __I$use$fp
    printfa.o(i.__0vsprintf) refers to printfa.o(i._printf_core) for _printf_core
    printfa.o(i.__0vsprintf) refers to printfa.o(i._sputc) for _sputc
    printfa.o(i._fp_digits) refers (Special) to iusefp.o(.text) for __I$use$fp
    printfa.o(i._fp_digits) refers to dmul.o(.text) for __aeabi_dmul
    printfa.o(i._fp_digits) refers to ddiv.o(.text) for __aeabi_ddiv
    printfa.o(i._fp_digits) refers to cdrcmple.o(.text) for __aeabi_cdrcmple
    printfa.o(i._fp_digits) refers to dadd.o(.text) for __aeabi_dadd
    printfa.o(i._fp_digits) refers to dfixul.o(.text) for __aeabi_d2ulz
    printfa.o(i._fp_digits) refers to uldiv.o(.text) for __aeabi_uldivmod
    printfa.o(i._printf_core) refers (Special) to iusefp.o(.text) for __I$use$fp
    printfa.o(i._printf_core) refers to printfa.o(i._printf_pre_padding) for _printf_pre_padding
    printfa.o(i._printf_core) refers to uldiv.o(.text) for __aeabi_uldivmod
    printfa.o(i._printf_core) refers to printfa.o(i._printf_post_padding) for _printf_post_padding
    printfa.o(i._printf_core) refers to printfa.o(i._fp_digits) for _fp_digits
    printfa.o(i._printf_core) refers to uidiv.o(.text) for __aeabi_uidivmod
    printfa.o(i._printf_post_padding) refers (Special) to iusefp.o(.text) for __I$use$fp
    printfa.o(i._printf_pre_padding) refers (Special) to iusefp.o(.text) for __I$use$fp
    printfa.o(i._snputc) refers (Special) to iusefp.o(.text) for __I$use$fp
    printfa.o(i._sputc) refers (Special) to iusefp.o(.text) for __I$use$fp
    ddiv.o(.text) refers (Special) to iusefp.o(.text) for __I$use$fp
    ddiv.o(.text) refers to depilogue.o(.text) for _double_round
    dfltui.o(.text) refers (Special) to iusefp.o(.text) for __I$use$fp
    dfltui.o(.text) refers to depilogue.o(.text) for _double_epilogue
    entry2.o(.ARM.Collect$$$$00000001) refers to entry2.o(.ARM.Collect$$$$00002712) for __lit__00000000
    entry2.o(.ARM.Collect$$$$00002712) refers to startup_lpc407x_8x_177x_8x.o(STACK) for __initial_sp
    entry2.o(__vectab_stack_and_reset_area) refers to startup_lpc407x_8x_177x_8x.o(STACK) for __initial_sp
    entry2.o(__vectab_stack_and_reset_area) refers to entry.o(.ARM.Collect$$$$00000000) for __main
    entry5.o(.ARM.Collect$$$$00000004) refers to init.o(.text) for __scatterload
    entry9a.o(.ARM.Collect$$$$0000000B) refers to main.o(i.main) for main
    entry9b.o(.ARM.Collect$$$$0000000C) refers to main.o(i.main) for main
    fputc.o(i.fputc) refers (Special) to iusesemip.o(.text) for __I$use$semihosting$fputc
    fputc.o(i.fputc) refers (Special) to semi.o(.text) for __semihosting_library_function
    uldiv.o(.text) refers to llushr.o(.text) for __aeabi_llsr
    uldiv.o(.text) refers to llshl.o(.text) for __aeabi_llsl
    depilogue.o(.text) refers to llshl.o(.text) for __aeabi_llsl
    depilogue.o(.text) refers to llushr.o(.text) for __aeabi_llsr
    dadd.o(.text) refers to llshl.o(.text) for __aeabi_llsl
    dadd.o(.text) refers to llsshr.o(.text) for __aeabi_lasr
    dadd.o(.text) refers to depilogue.o(.text) for _double_epilogue
    dmul.o(.text) refers to depilogue.o(.text) for _double_epilogue
    dfixul.o(.text) refers to llushr.o(.text) for __aeabi_llsr
    dfixul.o(.text) refers to llshl.o(.text) for __aeabi_llsl
    init.o(.text) refers to entry5.o(.ARM.Collect$$$$00000004) for __main_after_scatterload


==============================================================================

Removing Unused input sections from the image.

    Removing main.o(.rev16_text), (4 bytes).
    Removing main.o(.revsh_text), (4 bytes).
    Removing main.o(.rrx_text), (6 bytes).
    Removing main.o(i.readWhenAvailable), (32 bytes).
    Removing main.o(.bss), (1024 bytes).
    Removing serial.o(.rev16_text), (4 bytes).
    Removing serial.o(.revsh_text), (4 bytes).
    Removing serial.o(.rrx_text), (6 bytes).
    Removing hm10.o(.rev16_text), (4 bytes).
    Removing hm10.o(.revsh_text), (4 bytes).
    Removing hm10.o(.rrx_text), (6 bytes).
    Removing gpio.o(.rev16_text), (4 bytes).
    Removing gpio.o(.revsh_text), (4 bytes).
    Removing gpio.o(.rrx_text), (6 bytes).
    Removing gpio.o(i.GPIO_DIR_Write), (18 bytes).
    Removing gpio.o(i.GPIO_PIN_Write), (18 bytes).
    Removing gpio.o(i.LED1_Init), (20 bytes).
    Removing gpio.o(i.LED1_Off), (20 bytes).
    Removing gpio.o(i.LED1_On), (20 bytes).
    Removing gpio.o(i.LED2_Init), (20 bytes).
    Removing gpio.o(i.LED2_Off), (20 bytes).
    Removing gpio.o(i.LED2_On), (20 bytes).
    Removing gpio.o(i.LED3_Init), (20 bytes).
    Removing gpio.o(i.LED3_Off), (20 bytes).
    Removing gpio.o(i.LED3_On), (20 bytes).
    Removing gpio.o(i.LED4_Init), (20 bytes).
    Removing gpio.o(i.LED4_Off), (20 bytes).
    Removing gpio.o(i.LED4_On), (20 bytes).
    Removing timer.o(.rev16_text), (4 bytes).
    Removing timer.o(.revsh_text), (4 bytes).
    Removing timer.o(.rrx_text), (6 bytes).
    Removing timer.o(i.Timer_Init), (132 bytes).
    Removing ultrasonic.o(.rev16_text), (4 bytes).
    Removing ultrasonic.o(.revsh_text), (4 bytes).
    Removing ultrasonic.o(.rrx_text), (6 bytes).
    Removing wait.o(.rev16_text), (4 bytes).
    Removing wait.o(.revsh_text), (4 bytes).
    Removing wait.o(.rrx_text), (6 bytes).
    Removing wait.o(i.wait), (20 bytes).
    Removing wait.o(i.waitMicroseconds), (18 bytes).
    Removing adc.o(.rev16_text), (4 bytes).
    Removing adc.o(.revsh_text), (4 bytes).
    Removing adc.o(.rrx_text), (6 bytes).
    Removing startup_lpc407x_8x_177x_8x.o(HEAP), (0 bytes).
    Removing system_lpc407x_8x_177x_8x.o(.rev16_text), (4 bytes).
    Removing system_lpc407x_8x_177x_8x.o(.revsh_text), (4 bytes).
    Removing system_lpc407x_8x_177x_8x.o(.rrx_text), (6 bytes).

47 unused section(s) (total 1628 bytes) removed from the image.

==============================================================================

Image Symbol Table

    Local Symbols

    Symbol Name                              Value     Ov Type        Size  Object(Section)

    RESET                                    0x00000000   Section      228  startup_lpc407x_8x_177x_8x.o(RESET)
    ../clib/microlib/division.c              0x00000000   Number         0  uldiv.o ABSOLUTE
    ../clib/microlib/division.c              0x00000000   Number         0  uidiv.o ABSOLUTE
    ../clib/microlib/init/entry.s            0x00000000   Number         0  entry11b.o ABSOLUTE
    ../clib/microlib/init/entry.s            0x00000000   Number         0  entry10a.o ABSOLUTE
    ../clib/microlib/init/entry.s            0x00000000   Number         0  entry9b.o ABSOLUTE
    ../clib/microlib/init/entry.s            0x00000000   Number         0  entry7b.o ABSOLUTE
    ../clib/microlib/init/entry.s            0x00000000   Number         0  entry7a.o ABSOLUTE
    ../clib/microlib/init/entry.s            0x00000000   Number         0  entry8b.o ABSOLUTE
    ../clib/microlib/init/entry.s            0x00000000   Number         0  entry.o ABSOLUTE
    ../clib/microlib/init/entry.s            0x00000000   Number         0  entry5.o ABSOLUTE
    ../clib/microlib/init/entry.s            0x00000000   Number         0  entry9a.o ABSOLUTE
    ../clib/microlib/init/entry.s            0x00000000   Number         0  entry11a.o ABSOLUTE
    ../clib/microlib/init/entry.s            0x00000000   Number         0  entry2.o ABSOLUTE
    ../clib/microlib/init/entry.s            0x00000000   Number         0  entry10b.o ABSOLUTE
    ../clib/microlib/init/entry.s            0x00000000   Number         0  entry8a.o ABSOLUTE
    ../clib/microlib/longlong.c              0x00000000   Number         0  llshl.o ABSOLUTE
    ../clib/microlib/longlong.c              0x00000000   Number         0  llsshr.o ABSOLUTE
    ../clib/microlib/longlong.c              0x00000000   Number         0  llushr.o ABSOLUTE
    ../clib/microlib/printf/printf.c         0x00000000   Number         0  printf0.o ABSOLUTE
    ../clib/microlib/printf/printf.c         0x00000000   Number         0  printf1.o ABSOLUTE
    ../clib/microlib/printf/printf.c         0x00000000   Number         0  printf2.o ABSOLUTE
    ../clib/microlib/printf/printf.c         0x00000000   Number         0  printf3.o ABSOLUTE
    ../clib/microlib/printf/printf.c         0x00000000   Number         0  printf4.o ABSOLUTE
    ../clib/microlib/printf/printf.c         0x00000000   Number         0  printfa.o ABSOLUTE
    ../clib/microlib/printf/printf.c         0x00000000   Number         0  printf8.o ABSOLUTE
    ../clib/microlib/printf/printf.c         0x00000000   Number         0  printf7.o ABSOLUTE
    ../clib/microlib/printf/printf.c         0x00000000   Number         0  printf6.o ABSOLUTE
    ../clib/microlib/printf/printf.c         0x00000000   Number         0  printf5.o ABSOLUTE
    ../clib/microlib/printf/printf.c         0x00000000   Number         0  printfb.o ABSOLUTE
    ../clib/microlib/printf/stubs.s          0x00000000   Number         0  stubs.o ABSOLUTE
    ../clib/microlib/stdio/fputc.c           0x00000000   Number         0  fputc.o ABSOLUTE
    ../clib/microlib/stdio/semi.s            0x00000000   Number         0  semi.o ABSOLUTE
    ../clib/microlib/stdio/streams.c         0x00000000   Number         0  stdout.o ABSOLUTE
    ../clib/microlib/string/memset.c         0x00000000   Number         0  memseta.o ABSOLUTE
    ../clib/microlib/string/strncpy.c        0x00000000   Number         0  strncpy.o ABSOLUTE
    ../clib/microlib/stubs.s                 0x00000000   Number         0  iusefp.o ABSOLUTE
    ../clib/microlib/stubs.s                 0x00000000   Number         0  iusesemip.o ABSOLUTE
    ../fplib/microlib/fpadd.c                0x00000000   Number         0  dadd.o ABSOLUTE
    ../fplib/microlib/fpdiv.c                0x00000000   Number         0  ddiv.o ABSOLUTE
    ../fplib/microlib/fpepilogue.c           0x00000000   Number         0  depilogue.o ABSOLUTE
    ../fplib/microlib/fpfix.c                0x00000000   Number         0  dfixul.o ABSOLUTE
    ../fplib/microlib/fpflt.c                0x00000000   Number         0  dfltui.o ABSOLUTE
    ../fplib/microlib/fpmul.c                0x00000000   Number         0  dmul.o ABSOLUTE
    Library\ADC.c                            0x00000000   Number         0  adc.o ABSOLUTE
    Library\GPIO.c                           0x00000000   Number         0  gpio.o ABSOLUTE
    Library\HM10.c                           0x00000000   Number         0  hm10.o ABSOLUTE
    Library\Serial.c                         0x00000000   Number         0  serial.o ABSOLUTE
    Library\Timer.c                          0x00000000   Number         0  timer.o ABSOLUTE
    Library\Ultrasonic.c                     0x00000000   Number         0  ultrasonic.o ABSOLUTE
    Library\Wait.c                           0x00000000   Number         0  wait.o ABSOLUTE
    Library\\ADC.c                           0x00000000   Number         0  adc.o ABSOLUTE
    Library\\GPIO.c                          0x00000000   Number         0  gpio.o ABSOLUTE
    Library\\HM10.c                          0x00000000   Number         0  hm10.o ABSOLUTE
    Library\\Serial.c                        0x00000000   Number         0  serial.o ABSOLUTE
    Library\\Timer.c                         0x00000000   Number         0  timer.o ABSOLUTE
    Library\\Ultrasonic.c                    0x00000000   Number         0  ultrasonic.o ABSOLUTE
    Library\\Wait.c                          0x00000000   Number         0  wait.o ABSOLUTE
    RTE\Device\LPC4088FET208\startup_LPC407x_8x_177x_8x.s 0x00000000   Number         0  startup_lpc407x_8x_177x_8x.o ABSOLUTE
    RTE\Device\LPC4088FET208\system_LPC407x_8x_177x_8x.c 0x00000000   Number         0  system_lpc407x_8x_177x_8x.o ABSOLUTE
    RTE\\Device\\LPC4088FET208\\system_LPC407x_8x_177x_8x.c 0x00000000   Number         0  system_lpc407x_8x_177x_8x.o ABSOLUTE
    cdrcmple.s                               0x00000000   Number         0  cdrcmple.o ABSOLUTE
    dc.s                                     0x00000000   Number         0  dc.o ABSOLUTE
    handlers.s                               0x00000000   Number         0  handlers.o ABSOLUTE
    init.s                                   0x00000000   Number         0  init.o ABSOLUTE
    main.c                                   0x00000000   Number         0  main.o ABSOLUTE
    main.c                                   0x00000000   Number         0  main.o ABSOLUTE
    .ARM.Collect$$$$00000000                 0x000000e4   Section        0  entry.o(.ARM.Collect$$$$00000000)
    .ARM.Collect$$$$00000001                 0x000000e4   Section        4  entry2.o(.ARM.Collect$$$$00000001)
    .ARM.Collect$$$$00000004                 0x000000e8   Section        4  entry5.o(.ARM.Collect$$$$00000004)
    .ARM.Collect$$$$00000008                 0x000000ec   Section        0  entry7b.o(.ARM.Collect$$$$00000008)
    .ARM.Collect$$$$0000000A                 0x000000ec   Section        0  entry8b.o(.ARM.Collect$$$$0000000A)
    .ARM.Collect$$$$0000000B                 0x000000ec   Section        8  entry9a.o(.ARM.Collect$$$$0000000B)
    .ARM.Collect$$$$0000000D                 0x000000f4   Section        0  entry10a.o(.ARM.Collect$$$$0000000D)
    .ARM.Collect$$$$0000000F                 0x000000f4   Section        0  entry11a.o(.ARM.Collect$$$$0000000F)
    .ARM.Collect$$$$00002712                 0x000000f4   Section        4  entry2.o(.ARM.Collect$$$$00002712)
    __lit__00000000                          0x000000f4   Data           4  entry2.o(.ARM.Collect$$$$00002712)
    .text                                    0x000000f8   Section       36  startup_lpc407x_8x_177x_8x.o(.text)
    $v0                                      0x000000f8   Number         0  startup_lpc407x_8x_177x_8x.o(.text)
    .text                                    0x0000011c   Section        0  memseta.o(.text)
    .text                                    0x00000140   Section        0  strncpy.o(.text)
    .text                                    0x00000158   Section        0  ddiv.o(.text)
    .text                                    0x00000236   Section        0  dfltui.o(.text)
    .text                                    0x00000250   Section        0  uidiv.o(.text)
    .text                                    0x0000027c   Section        0  uldiv.o(.text)
    .text                                    0x000002de   Section        0  iusefp.o(.text)
    .text                                    0x000002de   Section        0  llshl.o(.text)
    .ARM.__at_0x02FC                         0x000002fc   Section        4  startup_lpc407x_8x_177x_8x.o(.ARM.__at_0x02FC)
    .text                                    0x00000300   Section        0  depilogue.o(.text)
    .text                                    0x000003ba   Section        0  dadd.o(.text)
    .text                                    0x00000508   Section        0  dmul.o(.text)
    .text                                    0x000005ec   Section        0  dfixul.o(.text)
    .text                                    0x0000061c   Section       48  cdrcmple.o(.text)
    .text                                    0x0000064c   Section       36  init.o(.text)
    .text                                    0x00000670   Section        0  llushr.o(.text)
    .text                                    0x00000690   Section        0  llsshr.o(.text)
    i.ADC_GetLastValue                       0x000006b4   Section        0  adc.o(i.ADC_GetLastValue)
    i.ADC_IRQHandler                         0x000006cc   Section        0  adc.o(i.ADC_IRQHandler)
    i.ADC_Init                               0x00000718   Section        0  adc.o(i.ADC_Init)
    i.ADC_Start                              0x000007b0   Section        0  adc.o(i.ADC_Start)
    i.HM10_ClearBuffer                       0x000007c4   Section        0  hm10.o(i.HM10_ClearBuffer)
    i.HM10_Init                              0x000007e0   Section        0  hm10.o(i.HM10_Init)
    i.HM10_ReadData                          0x00000868   Section        0  hm10.o(i.HM10_ReadData)
    i.HM10_SendCommand                       0x00000880   Section        0  hm10.o(i.HM10_SendCommand)
    i.HM10_Write                             0x0000088c   Section        0  hm10.o(i.HM10_Write)
    i.HM10_WriteData                         0x000008a4   Section        0  hm10.o(i.HM10_WriteData)
    i.Serial_Init                            0x000008bc   Section        0  serial.o(i.Serial_Init)
    i.Serial_ReadData                        0x00000978   Section        0  serial.o(i.Serial_ReadData)
    i.Serial_WriteData                       0x00000984   Section        0  serial.o(i.Serial_WriteData)
    i.SystemCoreClockUpdate                  0x00000998   Section        0  system_lpc407x_8x_177x_8x.o(i.SystemCoreClockUpdate)
    i.SystemInit                             0x00000c6c   Section        0  system_lpc407x_8x_177x_8x.o(i.SystemInit)
    i.TIMER2_IRQHandler                      0x00000d58   Section        0  ultrasonic.o(i.TIMER2_IRQHandler)
    i.TIMER3_IRQHandler                      0x00000da4   Section        0  ultrasonic.o(i.TIMER3_IRQHandler)
    i.UART0_IRQHandler                       0x00000e78   Section        0  serial.o(i.UART0_IRQHandler)
    i.UART3_IRQHandler                       0x00000ed8   Section        0  hm10.o(i.UART3_IRQHandler)
    i.Ultrasonic_Capture_Timer_Init          0x00000f1c   Section        0  ultrasonic.o(i.Ultrasonic_Capture_Timer_Init)
    i.Ultrasonic_Init                        0x00000f80   Section        0  ultrasonic.o(i.Ultrasonic_Init)
    i.Ultrasonic_Start_Trigger_Timer         0x00000fa8   Section        0  ultrasonic.o(i.Ultrasonic_Start_Trigger_Timer)
    i.Ultrasonic_Trigger_Timer_Init          0x00000fdc   Section        0  ultrasonic.o(i.Ultrasonic_Trigger_Timer_Init)
    i.__0sprintf                             0x0000107c   Section        0  printfa.o(i.__0sprintf)
    i.__NVIC_EnableIRQ                       0x000010a4   Section        0  ultrasonic.o(i.__NVIC_EnableIRQ)
    __NVIC_EnableIRQ                         0x000010a5   Thumb Code    26  ultrasonic.o(i.__NVIC_EnableIRQ)
    i.__scatterload_copy                     0x000010be   Section       14  handlers.o(i.__scatterload_copy)
    i.__scatterload_null                     0x000010cc   Section        2  handlers.o(i.__scatterload_null)
    i.__scatterload_zeroinit                 0x000010ce   Section       14  handlers.o(i.__scatterload_zeroinit)
    i._fp_digits                             0x000010dc   Section        0  printfa.o(i._fp_digits)
    _fp_digits                               0x000010dd   Thumb Code   366  printfa.o(i._fp_digits)
    i._printf_core                           0x00001260   Section        0  printfa.o(i._printf_core)
    _printf_core                             0x00001261   Thumb Code  1744  printfa.o(i._printf_core)
    i._printf_post_padding                   0x0000193c   Section        0  printfa.o(i._printf_post_padding)
    _printf_post_padding                     0x0000193d   Thumb Code    36  printfa.o(i._printf_post_padding)
    i._printf_pre_padding                    0x00001960   Section        0  printfa.o(i._printf_pre_padding)
    _printf_pre_padding                      0x00001961   Thumb Code    46  printfa.o(i._printf_pre_padding)
    i._sputc                                 0x0000198e   Section        0  printfa.o(i._sputc)
    _sputc                                   0x0000198f   Thumb Code    10  printfa.o(i._sputc)
    i.fpu_init                               0x00001998   Section        0  system_lpc407x_8x_177x_8x.o(i.fpu_init)
    i.init                                   0x000019e8   Section        0  main.o(i.init)
    i.main                                   0x00001a0c   Section        0  main.o(i.main)
    i.sendStatus                             0x00001a18   Section        0  main.o(i.sendStatus)
    i.update                                 0x00001ab4   Section        0  main.o(i.update)
    .conststring                             0x00001ae4   Section       87  main.o(.conststring)
    .data                                    0x10000000   Section        9  serial.o(.data)
    .data                                    0x10000009   Section        2  hm10.o(.data)
    .data                                    0x1000000c   Section       29  ultrasonic.o(.data)
    .data                                    0x10000029   Section        8  adc.o(.data)
    .data                                    0x10000034   Section       16  system_lpc407x_8x_177x_8x.o(.data)
    .bss                                     0x10000044   Section      512  hm10.o(.bss)
    .bss                                     0x10000244   Section       32  adc.o(.bss)
    STACK                                    0x10000268   Section     1024  startup_lpc407x_8x_177x_8x.o(STACK)

    Global Symbols

    Symbol Name                              Value     Ov Type        Size  Object(Section)

    BuildAttributes$$THM_ISAv4$E$P$D$K$B$S$7EM$VFPi3$EXTD16$VFPS$VFMA$PE$A:L22UL41UL21$X:L11$S22US41US21$IEEE1$IW$USESV6$~STKCKD$USESV7$~SHL$OSPACE$ROPI$EBA8$MICROLIB$REQ8$PRES8$EABIv2 0x00000000   Number         0  anon$$obj.o ABSOLUTE
    __ARM_use_no_argv                        0x00000000   Number         0  main.o ABSOLUTE
    __Vectors                                0x00000000   Data           4  startup_lpc407x_8x_177x_8x.o(RESET)
    _printf_a                                0x00000000   Number         0  stubs.o ABSOLUTE
    _printf_c                                0x00000000   Number         0  stubs.o ABSOLUTE
    _printf_charcount                        0x00000000   Number         0  stubs.o ABSOLUTE
    _printf_d                                0x00000000   Number         0  stubs.o ABSOLUTE
    _printf_e                                0x00000000   Number         0  stubs.o ABSOLUTE
    _printf_f                                0x00000000   Number         0  stubs.o ABSOLUTE
    _printf_flags                            0x00000000   Number         0  stubs.o ABSOLUTE
    _printf_fp_dec                           0x00000000   Number         0  stubs.o ABSOLUTE
    _printf_fp_hex                           0x00000000   Number         0  stubs.o ABSOLUTE
    _printf_g                                0x00000000   Number         0  stubs.o ABSOLUTE
    _printf_i                                0x00000000   Number         0  stubs.o ABSOLUTE
    _printf_int_dec                          0x00000000   Number         0  stubs.o ABSOLUTE
    _printf_l                                0x00000000   Number         0  stubs.o ABSOLUTE
    _printf_lc                               0x00000000   Number         0  stubs.o ABSOLUTE
    _printf_ll                               0x00000000   Number         0  stubs.o ABSOLUTE
    _printf_lld                              0x00000000   Number         0  stubs.o ABSOLUTE
    _printf_lli                              0x00000000   Number         0  stubs.o ABSOLUTE
    _printf_llo                              0x00000000   Number         0  stubs.o ABSOLUTE
    _printf_llu                              0x00000000   Number         0  stubs.o ABSOLUTE
    _printf_llx                              0x00000000   Number         0  stubs.o ABSOLUTE
    _printf_longlong_dec                     0x00000000   Number         0  stubs.o ABSOLUTE
    _printf_longlong_hex                     0x00000000   Number         0  stubs.o ABSOLUTE
    _printf_longlong_oct                     0x00000000   Number         0  stubs.o ABSOLUTE
    _printf_ls                               0x00000000   Number         0  stubs.o ABSOLUTE
    _printf_mbtowc                           0x00000000   Number         0  stubs.o ABSOLUTE
    _printf_n                                0x00000000   Number         0  stubs.o ABSOLUTE
    _printf_o                                0x00000000   Number         0  stubs.o ABSOLUTE
    _printf_p                                0x00000000   Number         0  stubs.o ABSOLUTE
    _printf_percent                          0x00000000   Number         0  stubs.o ABSOLUTE
    _printf_pre_padding                      0x00000000   Number         0  stubs.o ABSOLUTE
    _printf_return_value                     0x00000000   Number         0  stubs.o ABSOLUTE
    _printf_s                                0x00000000   Number         0  stubs.o ABSOLUTE
    _printf_sizespec                         0x00000000   Number         0  stubs.o ABSOLUTE
    _printf_str                              0x00000000   Number         0  stubs.o ABSOLUTE
    _printf_truncate_signed                  0x00000000   Number         0  stubs.o ABSOLUTE
    _printf_truncate_unsigned                0x00000000   Number         0  stubs.o ABSOLUTE
    _printf_u                                0x00000000   Number         0  stubs.o ABSOLUTE
    _printf_wc                               0x00000000   Number         0  stubs.o ABSOLUTE
    _printf_wctomb                           0x00000000   Number         0  stubs.o ABSOLUTE
    _printf_widthprec                        0x00000000   Number         0  stubs.o ABSOLUTE
    _printf_x                                0x00000000   Number         0  stubs.o ABSOLUTE
    __cpp_initialize__aeabi_                  - Undefined Weak Reference
    __cxa_finalize                            - Undefined Weak Reference
    __decompress                              - Undefined Weak Reference
    _clock_init                               - Undefined Weak Reference
    _microlib_exit                            - Undefined Weak Reference
    __main                                   0x000000e5   Thumb Code     0  entry.o(.ARM.Collect$$$$00000000)
    _main_stk                                0x000000e5   Thumb Code     0  entry2.o(.ARM.Collect$$$$00000001)
    _main_scatterload                        0x000000e9   Thumb Code     0  entry5.o(.ARM.Collect$$$$00000004)
    __main_after_scatterload                 0x000000ed   Thumb Code     0  entry5.o(.ARM.Collect$$$$00000004)
    _main_clock                              0x000000ed   Thumb Code     0  entry7b.o(.ARM.Collect$$$$00000008)
    _main_cpp_init                           0x000000ed   Thumb Code     0  entry8b.o(.ARM.Collect$$$$0000000A)
    _main_init                               0x000000ed   Thumb Code     0  entry9a.o(.ARM.Collect$$$$0000000B)
    __rt_final_cpp                           0x000000f5   Thumb Code     0  entry10a.o(.ARM.Collect$$$$0000000D)
    __rt_final_exit                          0x000000f5   Thumb Code     0  entry11a.o(.ARM.Collect$$$$0000000F)
    Reset_Handler                            0x000000f9   Thumb Code     8  startup_lpc407x_8x_177x_8x.o(.text)
    NMI_Handler                              0x00000101   Thumb Code     2  startup_lpc407x_8x_177x_8x.o(.text)
    HardFault_Handler                        0x00000103   Thumb Code     2  startup_lpc407x_8x_177x_8x.o(.text)
    MemManage_Handler                        0x00000105   Thumb Code     2  startup_lpc407x_8x_177x_8x.o(.text)
    BusFault_Handler                         0x00000107   Thumb Code     2  startup_lpc407x_8x_177x_8x.o(.text)
    UsageFault_Handler                       0x00000109   Thumb Code     2  startup_lpc407x_8x_177x_8x.o(.text)
    SVC_Handler                              0x0000010b   Thumb Code     2  startup_lpc407x_8x_177x_8x.o(.text)
    DebugMon_Handler                         0x0000010d   Thumb Code     2  startup_lpc407x_8x_177x_8x.o(.text)
    PendSV_Handler                           0x0000010f   Thumb Code     2  startup_lpc407x_8x_177x_8x.o(.text)
    SysTick_Handler                          0x00000111   Thumb Code     2  startup_lpc407x_8x_177x_8x.o(.text)
    BOD_IRQHandler                           0x00000113   Thumb Code     0  startup_lpc407x_8x_177x_8x.o(.text)
    CANActivity_IRQHandler                   0x00000113   Thumb Code     0  startup_lpc407x_8x_177x_8x.o(.text)
    CAN_IRQHandler                           0x00000113   Thumb Code     0  startup_lpc407x_8x_177x_8x.o(.text)
    DMA_IRQHandler                           0x00000113   Thumb Code     0  startup_lpc407x_8x_177x_8x.o(.text)
    EEPROM_IRQHandler                        0x00000113   Thumb Code     0  startup_lpc407x_8x_177x_8x.o(.text)
    EINT0_IRQHandler                         0x00000113   Thumb Code     0  startup_lpc407x_8x_177x_8x.o(.text)
    EINT1_IRQHandler                         0x00000113   Thumb Code     0  startup_lpc407x_8x_177x_8x.o(.text)
    EINT2_IRQHandler                         0x00000113   Thumb Code     0  startup_lpc407x_8x_177x_8x.o(.text)
    EINT3_IRQHandler                         0x00000113   Thumb Code     0  startup_lpc407x_8x_177x_8x.o(.text)
    ENET_IRQHandler                          0x00000113   Thumb Code     0  startup_lpc407x_8x_177x_8x.o(.text)
    GPIO_IRQHandler                          0x00000113   Thumb Code     0  startup_lpc407x_8x_177x_8x.o(.text)
    I2C0_IRQHandler                          0x00000113   Thumb Code     0  startup_lpc407x_8x_177x_8x.o(.text)
    I2C1_IRQHandler                          0x00000113   Thumb Code     0  startup_lpc407x_8x_177x_8x.o(.text)
    I2C2_IRQHandler                          0x00000113   Thumb Code     0  startup_lpc407x_8x_177x_8x.o(.text)
    I2S_IRQHandler                           0x00000113   Thumb Code     0  startup_lpc407x_8x_177x_8x.o(.text)
    LCD_IRQHandler                           0x00000113   Thumb Code     0  startup_lpc407x_8x_177x_8x.o(.text)
    MCI_IRQHandler                           0x00000113   Thumb Code     0  startup_lpc407x_8x_177x_8x.o(.text)
    MCPWM_IRQHandler                         0x00000113   Thumb Code     0  startup_lpc407x_8x_177x_8x.o(.text)
    PLL0_IRQHandler                          0x00000113   Thumb Code     0  startup_lpc407x_8x_177x_8x.o(.text)
    PLL1_IRQHandler                          0x00000113   Thumb Code     0  startup_lpc407x_8x_177x_8x.o(.text)
    PWM0_IRQHandler                          0x00000113   Thumb Code     0  startup_lpc407x_8x_177x_8x.o(.text)
    PWM1_IRQHandler                          0x00000113   Thumb Code     0  startup_lpc407x_8x_177x_8x.o(.text)
    QEI_IRQHandler                           0x00000113   Thumb Code     0  startup_lpc407x_8x_177x_8x.o(.text)
    RTC_IRQHandler                           0x00000113   Thumb Code     0  startup_lpc407x_8x_177x_8x.o(.text)
    SSP0_IRQHandler                          0x00000113   Thumb Code     0  startup_lpc407x_8x_177x_8x.o(.text)
    SSP1_IRQHandler                          0x00000113   Thumb Code     0  startup_lpc407x_8x_177x_8x.o(.text)
    SSP2_IRQHandler                          0x00000113   Thumb Code     0  startup_lpc407x_8x_177x_8x.o(.text)
    TIMER0_IRQHandler                        0x00000113   Thumb Code     0  startup_lpc407x_8x_177x_8x.o(.text)
    TIMER1_IRQHandler                        0x00000113   Thumb Code     0  startup_lpc407x_8x_177x_8x.o(.text)
    UART1_IRQHandler                         0x00000113   Thumb Code     0  startup_lpc407x_8x_177x_8x.o(.text)
    UART2_IRQHandler                         0x00000113   Thumb Code     0  startup_lpc407x_8x_177x_8x.o(.text)
    UART4_IRQHandler                         0x00000113   Thumb Code     0  startup_lpc407x_8x_177x_8x.o(.text)
    USBActivity_IRQHandler                   0x00000113   Thumb Code     0  startup_lpc407x_8x_177x_8x.o(.text)
    USB_IRQHandler                           0x00000113   Thumb Code     0  startup_lpc407x_8x_177x_8x.o(.text)
    WDT_IRQHandler                           0x00000113   Thumb Code     0  startup_lpc407x_8x_177x_8x.o(.text)
    __aeabi_memset                           0x0000011d   Thumb Code    14  memseta.o(.text)
    __aeabi_memset4                          0x0000011d   Thumb Code     0  memseta.o(.text)
    __aeabi_memset8                          0x0000011d   Thumb Code     0  memseta.o(.text)
    __aeabi_memclr                           0x0000012b   Thumb Code     4  memseta.o(.text)
    __aeabi_memclr4                          0x0000012b   Thumb Code     0  memseta.o(.text)
    __aeabi_memclr8                          0x0000012b   Thumb Code     0  memseta.o(.text)
    _memset$wrapper                          0x0000012f   Thumb Code    18  memseta.o(.text)
    strncpy                                  0x00000141   Thumb Code    24  strncpy.o(.text)
    __aeabi_ddiv                             0x00000159   Thumb Code   222  ddiv.o(.text)
    __aeabi_ui2d                             0x00000237   Thumb Code    26  dfltui.o(.text)
    __aeabi_uidiv                            0x00000251   Thumb Code     0  uidiv.o(.text)
    __aeabi_uidivmod                         0x00000251   Thumb Code    44  uidiv.o(.text)
    __aeabi_uldivmod                         0x0000027d   Thumb Code    98  uldiv.o(.text)
    __I$use$fp                               0x000002df   Thumb Code     0  iusefp.o(.text)
    __aeabi_llsl                             0x000002df   Thumb Code    30  llshl.o(.text)
    _ll_shift_l                              0x000002df   Thumb Code     0  llshl.o(.text)
    _double_round                            0x00000301   Thumb Code    30  depilogue.o(.text)
    _double_epilogue                         0x0000031f   Thumb Code   156  depilogue.o(.text)
    __aeabi_dadd                             0x000003bb   Thumb Code   322  dadd.o(.text)
    __aeabi_dsub                             0x000004fd   Thumb Code     6  dadd.o(.text)
    __aeabi_drsub                            0x00000503   Thumb Code     6  dadd.o(.text)
    __aeabi_dmul                             0x00000509   Thumb Code   228  dmul.o(.text)
    __aeabi_d2ulz                            0x000005ed   Thumb Code    48  dfixul.o(.text)
    __aeabi_cdrcmple                         0x0000061d   Thumb Code    48  cdrcmple.o(.text)
    __scatterload                            0x0000064d   Thumb Code    28  init.o(.text)
    __scatterload_rt2                        0x0000064d   Thumb Code     0  init.o(.text)
    __aeabi_llsr                             0x00000671   Thumb Code    32  llushr.o(.text)
    _ll_ushift_r                             0x00000671   Thumb Code     0  llushr.o(.text)
    __aeabi_lasr                             0x00000691   Thumb Code    36  llsshr.o(.text)
    _ll_sshift_r                             0x00000691   Thumb Code     0  llsshr.o(.text)
    ADC_GetLastValue                         0x000006b5   Thumb Code    16  adc.o(i.ADC_GetLastValue)
    ADC_IRQHandler                           0x000006cd   Thumb Code    62  adc.o(i.ADC_IRQHandler)
    ADC_Init                                 0x00000719   Thumb Code   138  adc.o(i.ADC_Init)
    ADC_Start                                0x000007b1   Thumb Code    14  adc.o(i.ADC_Start)
    HM10_ClearBuffer                         0x000007c5   Thumb Code    20  hm10.o(i.HM10_ClearBuffer)
    HM10_Init                                0x000007e1   Thumb Code   122  hm10.o(i.HM10_Init)
    HM10_ReadData                            0x00000869   Thumb Code    20  hm10.o(i.HM10_ReadData)
    HM10_SendCommand                         0x00000881   Thumb Code    12  hm10.o(i.HM10_SendCommand)
    HM10_Write                               0x0000088d   Thumb Code    22  hm10.o(i.HM10_Write)
    HM10_WriteData                           0x000008a5   Thumb Code    20  hm10.o(i.HM10_WriteData)
    Serial_Init                              0x000008bd   Thumb Code   168  serial.o(i.Serial_Init)
    Serial_ReadData                          0x00000979   Thumb Code     6  serial.o(i.Serial_ReadData)
    Serial_WriteData                         0x00000985   Thumb Code    12  serial.o(i.Serial_WriteData)
    SystemCoreClockUpdate                    0x00000999   Thumb Code   696  system_lpc407x_8x_177x_8x.o(i.SystemCoreClockUpdate)
    SystemInit                               0x00000c6d   Thumb Code   220  system_lpc407x_8x_177x_8x.o(i.SystemInit)
    TIMER2_IRQHandler                        0x00000d59   Thumb Code    68  ultrasonic.o(i.TIMER2_IRQHandler)
    TIMER3_IRQHandler                        0x00000da5   Thumb Code   188  ultrasonic.o(i.TIMER3_IRQHandler)
    UART0_IRQHandler                         0x00000e79   Thumb Code    74  serial.o(i.UART0_IRQHandler)
    UART3_IRQHandler                         0x00000ed9   Thumb Code    52  hm10.o(i.UART3_IRQHandler)
    Ultrasonic_Capture_Timer_Init            0x00000f1d   Thumb Code    92  ultrasonic.o(i.Ultrasonic_Capture_Timer_Init)
    Ultrasonic_Init                          0x00000f81   Thumb Code    34  ultrasonic.o(i.Ultrasonic_Init)
    Ultrasonic_Start_Trigger_Timer           0x00000fa9   Thumb Code    46  ultrasonic.o(i.Ultrasonic_Start_Trigger_Timer)
    Ultrasonic_Trigger_Timer_Init            0x00000fdd   Thumb Code   138  ultrasonic.o(i.Ultrasonic_Trigger_Timer_Init)
    __0sprintf                               0x0000107d   Thumb Code    34  printfa.o(i.__0sprintf)
    __1sprintf                               0x0000107d   Thumb Code     0  printfa.o(i.__0sprintf)
    __2sprintf                               0x0000107d   Thumb Code     0  printfa.o(i.__0sprintf)
    __c89sprintf                             0x0000107d   Thumb Code     0  printfa.o(i.__0sprintf)
    sprintf                                  0x0000107d   Thumb Code     0  printfa.o(i.__0sprintf)
    __scatterload_copy                       0x000010bf   Thumb Code    14  handlers.o(i.__scatterload_copy)
    __scatterload_null                       0x000010cd   Thumb Code     2  handlers.o(i.__scatterload_null)
    __scatterload_zeroinit                   0x000010cf   Thumb Code    14  handlers.o(i.__scatterload_zeroinit)
    fpu_init                                 0x00001999   Thumb Code    62  system_lpc407x_8x_177x_8x.o(i.fpu_init)
    init                                     0x000019e9   Thumb Code    36  main.o(i.init)
    main                                     0x00001a0d   Thumb Code    12  main.o(i.main)
    sendStatus                               0x00001a19   Thumb Code   138  main.o(i.sendStatus)
    update                                   0x00001ab5   Thumb Code    40  main.o(i.update)
    Region$$Table$$Base                      0x00001b3c   Number         0  anon$$obj.o(Region$$Table)
    Region$$Table$$Limit                     0x00001b5c   Number         0  anon$$obj.o(Region$$Table)
    serialReceivedCharacter                  0x10000000   Data           1  serial.o(.data)
    serialNewDataAvailable                   0x10000001   Data           1  serial.o(.data)
    serialTransmitData                       0x10000004   Data           4  serial.o(.data)
    serialTransmitCompleted                  0x10000008   Data           1  serial.o(.data)
    HM10WriteTo                              0x10000009   Data           1  hm10.o(.data)
    HM10NewDataAvailable                     0x1000000a   Data           1  hm10.o(.data)
    ultrasonicSensorsRisingCaptureTime       0x1000000c   Data           8  ultrasonic.o(.data)
    ultrasonicSensorsFallingCaptureTime      0x10000014   Data           8  ultrasonic.o(.data)
    ultrasonicSensorsDurations               0x1000001c   Data           8  ultrasonic.o(.data)
    ultrasonicSensorsNewDataAvailable        0x10000024   Data           2  ultrasonic.o(.data)
    ultrasonicSensorTriggerStart             0x10000026   Data           1  ultrasonic.o(.data)
    ultrasonicSensorsCaptureRisingEdge       0x10000027   Data           2  ultrasonic.o(.data)
    ADC_New_Data_Available                   0x10000029   Data           8  adc.o(.data)
    SystemCoreClock                          0x10000034   Data           4  system_lpc407x_8x_177x_8x.o(.data)
    PeripheralClock                          0x10000038   Data           4  system_lpc407x_8x_177x_8x.o(.data)
    EMCClock                                 0x1000003c   Data           4  system_lpc407x_8x_177x_8x.o(.data)
    USBClock                                 0x10000040   Data           4  system_lpc407x_8x_177x_8x.o(.data)
    NextCommand                              0x10000044   Data         256  hm10.o(.bss)
    HM10Buffer                               0x10000144   Data         256  hm10.o(.bss)
    ADC_Values                               0x10000244   Data          32  adc.o(.bss)
    __initial_sp                             0x10000668   Data           0  startup_lpc407x_8x_177x_8x.o(STACK)



==============================================================================

Memory Map of the image

  Image Entry point : 0x000000f9

  Load Region LR_1 (Base: 0x00000000, Size: 0x00001ba0, Max: 0xffffffff, ABSOLUTE)

    Execution Region ER_RO (Exec base: 0x00000000, Load base: 0x00000000, Size: 0x00001b5c, Max: 0xffffffff, ABSOLUTE)

    Exec Addr    Load Addr    Size         Type   Attr      Idx    E Section Name        Object

    0x00000000   0x00000000   0x000000e4   Data   RO          533    RESET               startup_lpc407x_8x_177x_8x.o
    0x000000e4   0x000000e4   0x00000000   Code   RO          583  * .ARM.Collect$$$$00000000  mc_w.l(entry.o)
    0x000000e4   0x000000e4   0x00000004   Code   RO          855    .ARM.Collect$$$$00000001  mc_w.l(entry2.o)
    0x000000e8   0x000000e8   0x00000004   Code   RO          858    .ARM.Collect$$$$00000004  mc_w.l(entry5.o)
    0x000000ec   0x000000ec   0x00000000   Code   RO          860    .ARM.Collect$$$$00000008  mc_w.l(entry7b.o)
    0x000000ec   0x000000ec   0x00000000   Code   RO          862    .ARM.Collect$$$$0000000A  mc_w.l(entry8b.o)
    0x000000ec   0x000000ec   0x00000008   Code   RO          863    .ARM.Collect$$$$0000000B  mc_w.l(entry9a.o)
    0x000000f4   0x000000f4   0x00000000   Code   RO          865    .ARM.Collect$$$$0000000D  mc_w.l(entry10a.o)
    0x000000f4   0x000000f4   0x00000000   Code   RO          867    .ARM.Collect$$$$0000000F  mc_w.l(entry11a.o)
    0x000000f4   0x000000f4   0x00000004   Code   RO          856    .ARM.Collect$$$$00002712  mc_w.l(entry2.o)
    0x000000f8   0x000000f8   0x00000024   Code   RO          535  * .text               startup_lpc407x_8x_177x_8x.o
    0x0000011c   0x0000011c   0x00000024   Code   RO          586    .text               mc_w.l(memseta.o)
    0x00000140   0x00000140   0x00000018   Code   RO          588    .text               mc_w.l(strncpy.o)
    0x00000158   0x00000158   0x000000de   Code   RO          851    .text               mf_w.l(ddiv.o)
    0x00000236   0x00000236   0x0000001a   Code   RO          853    .text               mf_w.l(dfltui.o)
    0x00000250   0x00000250   0x0000002c   Code   RO          872    .text               mc_w.l(uidiv.o)
    0x0000027c   0x0000027c   0x00000062   Code   RO          874    .text               mc_w.l(uldiv.o)
    0x000002de   0x000002de   0x00000000   Code   RO          876    .text               mc_w.l(iusefp.o)
    0x000002de   0x000002de   0x0000001e   Code   RO          890    .text               mc_w.l(llshl.o)
    0x000002fc   0x000002fc   0x00000004   Code   RO          534    .ARM.__at_0x02FC    startup_lpc407x_8x_177x_8x.o
    0x00000300   0x00000300   0x000000ba   Code   RO          877    .text               mf_w.l(depilogue.o)
    0x000003ba   0x000003ba   0x0000014e   Code   RO          879    .text               mf_w.l(dadd.o)
    0x00000508   0x00000508   0x000000e4   Code   RO          881    .text               mf_w.l(dmul.o)
    0x000005ec   0x000005ec   0x00000030   Code   RO          883    .text               mf_w.l(dfixul.o)
    0x0000061c   0x0000061c   0x00000030   Code   RO          885    .text               mf_w.l(cdrcmple.o)
    0x0000064c   0x0000064c   0x00000024   Code   RO          887    .text               mc_w.l(init.o)
    0x00000670   0x00000670   0x00000020   Code   RO          892    .text               mc_w.l(llushr.o)
    0x00000690   0x00000690   0x00000024   Code   RO          894    .text               mc_w.l(llsshr.o)
    0x000006b4   0x000006b4   0x00000018   Code   RO          484    i.ADC_GetLastValue  adc.o
    0x000006cc   0x000006cc   0x0000004c   Code   RO          485    i.ADC_IRQHandler    adc.o
    0x00000718   0x00000718   0x00000098   Code   RO          486    i.ADC_Init          adc.o
    0x000007b0   0x000007b0   0x00000014   Code   RO          487    i.ADC_Start         adc.o
    0x000007c4   0x000007c4   0x0000001c   Code   RO          175    i.HM10_ClearBuffer  hm10.o
    0x000007e0   0x000007e0   0x00000088   Code   RO          176    i.HM10_Init         hm10.o
    0x00000868   0x00000868   0x00000018   Code   RO          177    i.HM10_ReadData     hm10.o
    0x00000880   0x00000880   0x0000000c   Code   RO          178    i.HM10_SendCommand  hm10.o
    0x0000088c   0x0000088c   0x00000016   Code   RO          179    i.HM10_Write        hm10.o
    0x000008a2   0x000008a2   0x00000002   PAD
    0x000008a4   0x000008a4   0x00000018   Code   RO          180    i.HM10_WriteData    hm10.o
    0x000008bc   0x000008bc   0x000000bc   Code   RO          120    i.Serial_Init       serial.o
    0x00000978   0x00000978   0x0000000c   Code   RO          121    i.Serial_ReadData   serial.o
    0x00000984   0x00000984   0x00000014   Code   RO          122    i.Serial_WriteData  serial.o
    0x00000998   0x00000998   0x000002d4   Code   RO          544    i.SystemCoreClockUpdate  system_lpc407x_8x_177x_8x.o
    0x00000c6c   0x00000c6c   0x000000ec   Code   RO          545    i.SystemInit        system_lpc407x_8x_177x_8x.o
    0x00000d58   0x00000d58   0x0000004c   Code   RO          382    i.TIMER2_IRQHandler  ultrasonic.o
    0x00000da4   0x00000da4   0x000000d4   Code   RO          383    i.TIMER3_IRQHandler  ultrasonic.o
    0x00000e78   0x00000e78   0x00000060   Code   RO          123    i.UART0_IRQHandler  serial.o
    0x00000ed8   0x00000ed8   0x00000044   Code   RO          181    i.UART3_IRQHandler  hm10.o
    0x00000f1c   0x00000f1c   0x00000064   Code   RO          384    i.Ultrasonic_Capture_Timer_Init  ultrasonic.o
    0x00000f80   0x00000f80   0x00000028   Code   RO          385    i.Ultrasonic_Init   ultrasonic.o
    0x00000fa8   0x00000fa8   0x00000034   Code   RO          386    i.Ultrasonic_Start_Trigger_Timer  ultrasonic.o
    0x00000fdc   0x00000fdc   0x000000a0   Code   RO          387    i.Ultrasonic_Trigger_Timer_Init  ultrasonic.o
    0x0000107c   0x0000107c   0x00000028   Code   RO          825    i.__0sprintf        mc_w.l(printfa.o)
    0x000010a4   0x000010a4   0x0000001a   Code   RO          388    i.__NVIC_EnableIRQ  ultrasonic.o
    0x000010be   0x000010be   0x0000000e   Code   RO          899    i.__scatterload_copy  mc_w.l(handlers.o)
    0x000010cc   0x000010cc   0x00000002   Code   RO          900    i.__scatterload_null  mc_w.l(handlers.o)
    0x000010ce   0x000010ce   0x0000000e   Code   RO          901    i.__scatterload_zeroinit  mc_w.l(handlers.o)
    0x000010dc   0x000010dc   0x00000184   Code   RO          830    i._fp_digits        mc_w.l(printfa.o)
    0x00001260   0x00001260   0x000006dc   Code   RO          831    i._printf_core      mc_w.l(printfa.o)
    0x0000193c   0x0000193c   0x00000024   Code   RO          832    i._printf_post_padding  mc_w.l(printfa.o)
    0x00001960   0x00001960   0x0000002e   Code   RO          833    i._printf_pre_padding  mc_w.l(printfa.o)
    0x0000198e   0x0000198e   0x0000000a   Code   RO          835    i._sputc            mc_w.l(printfa.o)
    0x00001998   0x00001998   0x00000050   Code   RO          546    i.fpu_init          system_lpc407x_8x_177x_8x.o
    0x000019e8   0x000019e8   0x00000024   Code   RO            4    i.init              main.o
    0x00001a0c   0x00001a0c   0x0000000c   Code   RO            5    i.main              main.o
    0x00001a18   0x00001a18   0x0000009c   Code   RO            7    i.sendStatus        main.o
    0x00001ab4   0x00001ab4   0x00000030   Code   RO            8    i.update            main.o
    0x00001ae4   0x00001ae4   0x00000057   Data   RO           10    .conststring        main.o
    0x00001b3b   0x00001b3b   0x00000001   PAD
    0x00001b3c   0x00001b3c   0x00000020   Data   RO          897    Region$$Table       anon$$obj.o


    Execution Region ER_RW (Exec base: 0x10000000, Load base: 0x00001b5c, Size: 0x00000044, Max: 0xffffffff, ABSOLUTE)

    Exec Addr    Load Addr    Size         Type   Attr      Idx    E Section Name        Object

    0x10000000   0x00001b5c   0x00000009   Data   RW          124    .data               serial.o
    0x10000009   0x00001b65   0x00000002   Data   RW          183    .data               hm10.o
    0x1000000b   0x00001b67   0x00000001   PAD
    0x1000000c   0x00001b68   0x0000001d   Data   RW          389    .data               ultrasonic.o
    0x10000029   0x00001b85   0x00000008   Data   RW          489    .data               adc.o
    0x10000031   0x00001b8d   0x00000003   PAD
    0x10000034   0x00001b90   0x00000010   Data   RW          547    .data               system_lpc407x_8x_177x_8x.o


    Execution Region ER_ZI (Exec base: 0x10000044, Load base: 0x00001ba0, Size: 0x00000624, Max: 0xffffffff, ABSOLUTE)

    Exec Addr    Load Addr    Size         Type   Attr      Idx    E Section Name        Object

    0x10000044        -       0x00000200   Zero   RW          182    .bss                hm10.o
    0x10000244        -       0x00000020   Zero   RW          488    .bss                adc.o
    0x10000264   0x00001ba0   0x00000004   PAD
    0x10000268        -       0x00000400   Zero   RW          531    STACK               startup_lpc407x_8x_177x_8x.o


==============================================================================

Image component sizes


      Code (inc. data)   RO Data    RW Data    ZI Data      Debug   Object Name

       272         42          0          8         32       2555   adc.o
       314         46          0          2        512      34300   hm10.o
       252         26         87          0          0      28768   main.o
       316         56          0          9          0      33029   serial.o
        40         12        228          0       1024       1088   startup_lpc407x_8x_177x_8x.o
      1040         62          0         16          0       4588   system_lpc407x_8x_177x_8x.o
       666         74          0         29          0      34888   ultrasonic.o

    ----------------------------------------------------------------------
      2902        318        348         68       1572     139216   Object Totals
         0          0         32          0          0          0   (incl. Generated)
         2          0          1          4          4          0   (incl. Padding)

    ----------------------------------------------------------------------

      Code (inc. data)   RO Data    RW Data    ZI Data      Debug   Library Member Name

         0          0          0          0          0          0   entry.o
         0          0          0          0          0          0   entry10a.o
         0          0          0          0          0          0   entry11a.o
         8          4          0          0          0          0   entry2.o
         4          0          0          0          0          0   entry5.o
         0          0          0          0          0          0   entry7b.o
         0          0          0          0          0          0   entry8b.o
         8          4          0          0          0          0   entry9a.o
        30          0          0          0          0          0   handlers.o
        36          8          0          0          0         68   init.o
         0          0          0          0          0          0   iusefp.o
        30          0          0          0          0         68   llshl.o
        36          0          0          0          0         68   llsshr.o
        32          0          0          0          0         68   llushr.o
        36          0          0          0          0        108   memseta.o
      2276         86          0          0          0        520   printfa.o
        24          0          0          0          0         76   strncpy.o
        44          0          0          0          0         80   uidiv.o
        98          0          0          0          0         92   uldiv.o
        48          0          0          0          0         68   cdrcmple.o
       334          0          0          0          0        148   dadd.o
       222          0          0          0          0        100   ddiv.o
       186          0          0          0          0        176   depilogue.o
        48          0          0          0          0         68   dfixul.o
        26          0          0          0          0         76   dfltui.o
       228          0          0          0          0         96   dmul.o

    ----------------------------------------------------------------------
      3754        102          0          0          0       1880   Library Totals
         0          0          0          0          0          0   (incl. Padding)

    ----------------------------------------------------------------------

      Code (inc. data)   RO Data    RW Data    ZI Data      Debug   Library Name

      2662        102          0          0          0       1148   mc_w.l
      1092          0          0          0          0        732   mf_w.l

    ----------------------------------------------------------------------
      3754        102          0          0          0       1880   Library Totals

    ----------------------------------------------------------------------

==============================================================================


      Code (inc. data)   RO Data    RW Data    ZI Data      Debug   

      6656        420        348         68       1572     137912   Grand Totals
      6656        420        348         68       1572     137912   ELF Image Totals
      6656        420        348         68          0          0   ROM Totals

==============================================================================

    Total RO  Size (Code + RO Data)                 7004 (   6.84kB)
    Total RW  Size (RW Data + ZI Data)              1640 (   1.60kB)
    Total ROM Size (Code + RO Data + RW Data)       7072 (   6.91kB)

==============================================================================

